Archive member included to satisfy reference by file (symbol)

libbb/lib.a(appletlib.o)      /usr/lib/gcc/x86_64-pc-linux-gnu/8.1.1/../../../../lib/Scrt1.o (main)
libbb/lib.a(compare_string_array.o)
                              libbb/lib.a(appletlib.o) (is_prefixed_with)
libbb/lib.a(concat_path_file.o)
                              libbb/lib.a(appletlib.o) (concat_path_file)
libbb/lib.a(default_error_retval.o)
                              libbb/lib.a(appletlib.o) (xfunc_error_retval)
libbb/lib.a(get_last_path_component.o)
                              libbb/lib.a(appletlib.o) (bb_basename)
libbb/lib.a(last_char_is.o)   libbb/lib.a(concat_path_file.o) (last_char_is)
libbb/lib.a(llist.o)          libbb/lib.a(appletlib.o) (llist_free)
libbb/lib.a(messages.o)       libbb/lib.a(appletlib.o) (bb_busybox_exec_path)
libbb/lib.a(perror_msg.o)     libbb/lib.a(appletlib.o) (bb_perror_msg_and_die)
libbb/lib.a(ptr_to_globals.o)
                              libbb/lib.a(appletlib.o) (bb_errno)
libbb/lib.a(skip_whitespace.o)
                              libbb/lib.a(appletlib.o) (skip_whitespace)
libbb/lib.a(verror_msg.o)     libbb/lib.a(perror_msg.o) (bb_verror_msg)
libbb/lib.a(wfopen.o)         libbb/lib.a(appletlib.o) (fopen_for_read)
libbb/lib.a(xfunc_die.o)      libbb/lib.a(appletlib.o) (xfunc_die)
libbb/lib.a(xfuncs.o)         libbb/lib.a(appletlib.o) (full_write2_str)
libbb/lib.a(xfuncs_printf.o)  libbb/lib.a(wfopen.o) (bb_die_memory_exhausted)
libbb/lib.a(xreadlink.o)      libbb/lib.a(appletlib.o) (xmalloc_readlink)
libbb/lib.a(copyfd.o)         libbb/lib.a(xfuncs_printf.o) (bb_copyfd_eof)
libbb/lib.a(full_write.o)     libbb/lib.a(verror_msg.o) (full_write)
libbb/lib.a(read.o)           libbb/lib.a(copyfd.o) (safe_read)
libbb/lib.a(safe_write.o)     libbb/lib.a(full_write.o) (safe_write)
libbb/lib.a(signals.o)        libbb/lib.a(xfuncs_printf.o) (kill_myself_with_sig)
libbb/lib.a(time.o)           libbb/lib.a(xfuncs_printf.o) (monotonic_us)
libbb/lib.a(bb_strtonum.o)    libbb/lib.a(time.o) (bb_strtoll)
libpwdgrp/lib.a(pwd_grp.o)    libbb/lib.a(appletlib.o) (bb_internal_getpwnam)
libpwdgrp/lib.a(uidgid_get.o)
                              libbb/lib.a(appletlib.o) (get_uidgid)
loginutils/lib.a(add-remove-shell.o)
                              libbb/lib.a(appletlib.o) (add_remove_shell_main)
loginutils/lib.a(addgroup.o)  libbb/lib.a(appletlib.o) (addgroup_main)
loginutils/lib.a(adduser.o)   libbb/lib.a(appletlib.o) (adduser_main)
loginutils/lib.a(chpasswd.o)  libbb/lib.a(appletlib.o) (chpasswd_main)
loginutils/lib.a(cryptpw.o)   libbb/lib.a(appletlib.o) (cryptpw_main)
loginutils/lib.a(deluser.o)   libbb/lib.a(appletlib.o) (deluser_main)
loginutils/lib.a(getty.o)     libbb/lib.a(appletlib.o) (getty_main)
loginutils/lib.a(login.o)     libbb/lib.a(appletlib.o) (login_main)
loginutils/lib.a(passwd.o)    libbb/lib.a(appletlib.o) (passwd_main)
loginutils/lib.a(su.o)        libbb/lib.a(appletlib.o) (su_main)
loginutils/lib.a(sulogin.o)   libbb/lib.a(appletlib.o) (sulogin_main)
loginutils/lib.a(vlock.o)     libbb/lib.a(appletlib.o) (vlock_main)
mailutils/lib.a(makemime.o)   libbb/lib.a(appletlib.o) (makemime_main)
mailutils/lib.a(popmaildir.o)
                              libbb/lib.a(appletlib.o) (popmaildir_main)
mailutils/lib.a(reformime.o)  libbb/lib.a(appletlib.o) (reformime_main)
mailutils/lib.a(sendmail.o)   libbb/lib.a(appletlib.o) (sendmail_main)
mailutils/lib.a(mail.o)       mailutils/lib.a(popmaildir.o) (launch_helper)
miscutils/lib.a(adjtimex.o)   libbb/lib.a(appletlib.o) (adjtimex_main)
miscutils/lib.a(beep.o)       libbb/lib.a(appletlib.o) (beep_main)
miscutils/lib.a(crond.o)      libbb/lib.a(appletlib.o) (crond_main)
miscutils/lib.a(crontab.o)    libbb/lib.a(appletlib.o) (crontab_main)
miscutils/lib.a(dc.o)         libbb/lib.a(appletlib.o) (dc_main)
miscutils/lib.a(devmem.o)     libbb/lib.a(appletlib.o) (devmem_main)
miscutils/lib.a(fbsplash.o)   libbb/lib.a(appletlib.o) (fbsplash_main)
miscutils/lib.a(hexedit.o)    libbb/lib.a(appletlib.o) (hexedit_main)
miscutils/lib.a(i2c_tools.o)  libbb/lib.a(appletlib.o) (i2cget_main)
miscutils/lib.a(less.o)       libbb/lib.a(appletlib.o) (less_main)
miscutils/lib.a(lsscsi.o)     libbb/lib.a(appletlib.o) (lsscsi_main)
miscutils/lib.a(makedevs.o)   libbb/lib.a(appletlib.o) (makedevs_main)
miscutils/lib.a(man.o)        libbb/lib.a(appletlib.o) (man_main)
miscutils/lib.a(microcom.o)   libbb/lib.a(appletlib.o) (microcom_main)
miscutils/lib.a(mt.o)         libbb/lib.a(appletlib.o) (mt_main)
miscutils/lib.a(nandwrite.o)  libbb/lib.a(appletlib.o) (nandwrite_main)
miscutils/lib.a(partprobe.o)  libbb/lib.a(appletlib.o) (partprobe_main)
miscutils/lib.a(raidautorun.o)
                              libbb/lib.a(appletlib.o) (raidautorun_main)
miscutils/lib.a(readahead.o)  libbb/lib.a(appletlib.o) (readahead_main)
miscutils/lib.a(rfkill.o)     libbb/lib.a(appletlib.o) (rfkill_main)
miscutils/lib.a(runlevel.o)   libbb/lib.a(appletlib.o) (runlevel_main)
[...]
Memory Configuration

Name             Origin             Length             Attributes
*default*        0x0000000000000000 0xffffffffffffffff

Linker script and memory map

LOAD /usr/lib/gcc/x86_64-pc-linux-gnu/8.1.1/../../../../lib/Scrt1.o
LOAD /usr/lib/gcc/x86_64-pc-linux-gnu/8.1.1/../../../../lib/crti.o
LOAD /usr/lib/gcc/x86_64-pc-linux-gnu/8.1.1/crtbeginS.o
START GROUP
LOAD applets/built-in.o
LOAD archival/lib.a
LOAD archival/libarchive/lib.a
LOAD console-tools/lib.a
LOAD coreutils/lib.a
LOAD coreutils/libcoreutils/lib.a
LOAD debianutils/lib.a
LOAD klibc-utils/lib.a
LOAD e2fsprogs/lib.a
LOAD editors/lib.a
LOAD findutils/lib.a
LOAD init/lib.a
LOAD libbb/lib.a
LOAD libpwdgrp/lib.a
LOAD loginutils/lib.a
LOAD mailutils/lib.a
LOAD miscutils/lib.a
LOAD modutils/lib.a
LOAD networking/lib.a
LOAD networking/libiproute/lib.a
LOAD networking/udhcp/lib.a
LOAD printutils/lib.a
LOAD procps/lib.a
LOAD runit/lib.a
LOAD selinux/lib.a
LOAD shell/lib.a
LOAD sysklogd/lib.a
LOAD util-linux/lib.a
LOAD util-linux/volume_id/lib.a
LOAD archival/built-in.o
LOAD archival/libarchive/built-in.o
LOAD console-tools/built-in.o
LOAD coreutils/built-in.o
LOAD coreutils/libcoreutils/built-in.o
LOAD debianutils/built-in.o
LOAD klibc-utils/built-in.o
LOAD e2fsprogs/built-in.o
LOAD editors/built-in.o
LOAD findutils/built-in.o
LOAD init/built-in.o
LOAD libbb/built-in.o
LOAD libpwdgrp/built-in.o
LOAD loginutils/built-in.o
LOAD mailutils/built-in.o
LOAD miscutils/built-in.o
LOAD modutils/built-in.o
LOAD networking/built-in.o
LOAD networking/libiproute/built-in.o
LOAD networking/udhcp/built-in.o
LOAD printutils/built-in.o
LOAD procps/built-in.o
LOAD runit/built-in.o
LOAD selinux/built-in.o
LOAD shell/built-in.o
LOAD sysklogd/built-in.o
LOAD util-linux/built-in.o
LOAD util-linux/volume_id/built-in.o
END GROUP
START GROUP
LOAD /usr/lib/gcc/x86_64-pc-linux-gnu/8.1.1/../../../../lib/libm.so
START GROUP
LOAD /usr/lib/libm.so.6
LOAD /usr/lib/libmvec_nonshared.a
LOAD /usr/lib/libmvec.so.1
END GROUP
LOAD /usr/lib/gcc/x86_64-pc-linux-gnu/8.1.1/../../../../lib/libresolv.so
END GROUP
LOAD /usr/lib/gcc/x86_64-pc-linux-gnu/8.1.1/libgcc.a
LOAD /usr/lib/gcc/x86_64-pc-linux-gnu/8.1.1/libgcc_eh.a
LOAD /usr/lib/gcc/x86_64-pc-linux-gnu/8.1.1/../../../../lib/libc.so
START GROUP
LOAD /usr/lib/libc.so.6
LOAD /usr/lib/libc_nonshared.a
LOAD /usr/lib/ld-linux-x86-64.so.2
END GROUP
LOAD /usr/lib/gcc/x86_64-pc-linux-gnu/8.1.1/libgcc.a
LOAD /usr/lib/gcc/x86_64-pc-linux-gnu/8.1.1/libgcc_eh.a
LOAD /usr/lib/gcc/x86_64-pc-linux-gnu/8.1.1/crtendS.o
LOAD /usr/lib/gcc/x86_64-pc-linux-gnu/8.1.1/../../../../lib/crtn.o
                [!provide]                        PROVIDE (__executable_start = SEGMENT_START ("text-segment", 0x0))
                0x0000000000000238                . = (SEGMENT_START ("text-segment", 0x0) + SIZEOF_HEADERS)

.interp         0x0000000000000238       0x1c
 *(SORT_BY_ALIGNMENT(.interp))
 .interp        0x0000000000000238       0x1c /usr/lib/gcc/x86_64-pc-linux-gnu/8.1.1/../../../../lib/Scrt1.o

.note.ABI-tag   0x0000000000000254       0x20
 .note.ABI-tag  0x0000000000000254       0x20 /usr/lib/gcc/x86_64-pc-linux-gnu/8.1.1/../../../../lib/Scrt1.o

.note.gnu.build-id
                0x0000000000000274       0x24
 *(SORT_BY_ALIGNMENT(.note.gnu.build-id))
 .note.gnu.build-id
                0x0000000000000274       0x24 /usr/lib/gcc/x86_64-pc-linux-gnu/8.1.1/../../../../lib/Scrt1.o

.hash
 *(SORT_BY_ALIGNMENT(.hash))

.gnu.hash       0x0000000000000298       0x50
 *(SORT_BY_ALIGNMENT(.gnu.hash))
 .gnu.hash      0x0000000000000298       0x50 /usr/lib/gcc/x86_64-pc-linux-gnu/8.1.1/../../../../lib/Scrt1.o

.dynsym         0x00000000000002e8     0x2460
 *(SORT_BY_ALIGNMENT(.dynsym))
 .dynsym        0x00000000000002e8     0x2460 /usr/lib/gcc/x86_64-pc-linux-gnu/8.1.1/../../../../lib/Scrt1.o

.dynstr         0x0000000000002748      0xd6b
 *(SORT_BY_ALIGNMENT(.dynstr))
 .dynstr        0x0000000000002748      0xd6b /usr/lib/gcc/x86_64-pc-linux-gnu/8.1.1/../../../../lib/Scrt1.o

.gnu.version    0x00000000000034b4      0x308
 *(SORT_BY_ALIGNMENT(.gnu.version))
 .gnu.version   0x00000000000034b4      0x308 /usr/lib/gcc/x86_64-pc-linux-gnu/8.1.1/../../../../lib/Scrt1.o

.gnu.version_d  0x00000000000037c0        0x0
 *(SORT_BY_ALIGNMENT(.gnu.version_d))
 .gnu.version_d
                0x00000000000037c0        0x0 /usr/lib/gcc/x86_64-pc-linux-gnu/8.1.1/../../../../lib/Scrt1.o

.gnu.version_r  0x00000000000037c0       0xc0
 *(SORT_BY_ALIGNMENT(.gnu.version_r))
 .gnu.version_r
                0x00000000000037c0       0xc0 /usr/lib/gcc/x86_64-pc-linux-gnu/8.1.1/../../../../lib/Scrt1.o

.rela.dyn       0x0000000000003880     0x6198
 *(SORT_BY_ALIGNMENT(.rela.init))
 *(SORT_BY_ALIGNMENT(.rela.text) SORT_BY_ALIGNMENT(.rela.text.*) SORT_BY_ALIGNMENT(.rela.gnu.linkonce.t.*))
 .rela.text.bb_show_usage
                0x0000000000003880        0x0 /usr/lib/gcc/x86_64-pc-linux-gnu/8.1.1/../../../../lib/Scrt1.o
 .rela.text.lbb_prepare
                0x0000000000003880        0x0 /usr/lib/gcc/x86_64-pc-linux-gnu/8.1.1/../../../../lib/Scrt1.o
 .rela.text.run_applet_no_and_exit
                0x0000000000003880        0x0 /usr/lib/gcc/x86_64-pc-linux-gnu/8.1.1/../../../../lib/Scrt1.o
 .rela.text.run_applet_and_exit
                0x0000000000003880        0x0 /usr/lib/gcc/x86_64-pc-linux-gnu/8.1.1/../../../../lib/Scrt1.o
 .rela.text.main
                0x0000000000003880        0x0 /usr/lib/gcc/x86_64-pc-linux-gnu/8.1.1/../../../../lib/Scrt1.o
 .rela.text.bb_perror_msg
                0x0000000000003880        0x0 /usr/lib/gcc/x86_64-pc-linux-gnu/8.1.1/../../../../lib/Scrt1.o
 .rela.text.bb_perror_msg_and_die
                0x0000000000003880        0x0 /usr/lib/gcc/x86_64-pc-linux-gnu/8.1.1/../../../../lib/Scrt1.o
 .rela.text.bb_verror_msg
                0x0000000000003880        0x0 /usr/lib/gcc/x86_64-pc-linux-gnu/8.1.1/../../../../lib/Scrt1.o
 .rela.text.xfunc_die
                0x0000000000003880        0x0 /usr/lib/gcc/x86_64-pc-linux-gnu/8.1.1/../../../../lib/Scrt1.o
 .rela.text.hex2bin
                0x0000000000003880        0x0 /usr/lib/gcc/x86_64-pc-linux-gnu/8.1.1/../../../../lib/Scrt1.o
 .rela.text.safe_waitpid
                0x0000000000003880        0x0 /usr/lib/gcc/x86_64-pc-linux-gnu/8.1.1/../../../../lib/Scrt1.o
 .rela.text.die_if_ferror_stdout
                0x0000000000003880        0x0 /usr/lib/gcc/x86_64-pc-linux-gnu/8.1.1/../../../../lib/Scrt1.o
 .rela.text.ioctl_or_perror_and_die
                0x0000000000003880        0x0 /usr/lib/gcc/x86_64-pc-linux-gnu/8.1.1/../../../../lib/Scrt1.o
 .rela.text.ioctl_or_perror
                0x0000000000003880        0x0 /usr/lib/gcc/x86_64-pc-linux-gnu/8.1.1/../../../../lib/Scrt1.o
 .rela.text.xmalloc_follow_symlinks
                0x0000000000003880        0x0 /usr/lib/gcc/x86_64-pc-linux-gnu/8.1.1/../../../../lib/Scrt1.o
 .rela.text.xmalloc_readlink_or_warn
                0x0000000000003880        0x0 /usr/lib/gcc/x86_64-pc-linux-gnu/8.1.1/../../../../lib/Scrt1.o
 .rela.text.xmalloc_realpath_coreutils
                0x0000000000003880        0x0 /usr/lib/gcc/x86_64-pc-linux-gnu/8.1.1/../../../../lib/Scrt1.o
 .rela.text.safe_read
                0x0000000000003880        0x0 /usr/lib/gcc/x86_64-pc-linux-gnu/8.1.1/../../../../lib/Scrt1.o
 .rela.text.safe_write
                0x0000000000003880        0x0 /usr/lib/gcc/x86_64-pc-linux-gnu/8.1.1/../../../../lib/Scrt1.o
 .rela.text.record_signo
                0x0000000000003880        0x0 /usr/lib/gcc/x86_64-pc-linux-gnu/8.1.1/../../../../lib/Scrt1.o
 .rela.text.parse_datestr
                0x0000000000003880        0x0 /usr/lib/gcc/x86_64-pc-linux-gnu/8.1.1/../../../../lib/Scrt1.o
 .rela.text.handle_errors.isra.0
                0x0000000000003880        0x0 /usr/lib/gcc/x86_64-pc-linux-gnu/8.1.1/../../../../lib/Scrt1.o
 .rela.text.bb_strtoull
                0x0000000000003880        0x0 /usr/lib/gcc/x86_64-pc-linux-gnu/8.1.1/../../../../lib/Scrt1.o
 .rela.text.bb_strtoll
                0x0000000000003880        0x0 /usr/lib/gcc/x86_64-pc-linux-gnu/8.1.1/../../../../lib/Scrt1.o
 .rela.text.bb_strtou
                0x0000000000003880        0x0 /usr/lib/gcc/x86_64-pc-linux-gnu/8.1.1/../../../../lib/Scrt1.o
 .rela.text.bb_strtoi
                0x0000000000003880        0x0 /usr/lib/gcc/x86_64-pc-linux-gnu/8.1.1/../../../../lib/Scrt1.o
 .rela.text.convert_to_struct
                0x0000000000003880        0x0 /usr/lib/gcc/x86_64-pc-linux-gnu/8.1.1/../../../../lib/Scrt1.o
 .rela.text.massage_data_for_r_func
                0x0000000000003880        0x0 /usr/lib/gcc/x86_64-pc-linux-gnu/8.1.1/../../../../lib/Scrt1.o
 .rela.text.get_uidgid
                0x0000000000003880        0x0 /usr/lib/gcc/x86_64-pc-linux-gnu/8.1.1/../../../../lib/Scrt1.o
 .rela.text.add_remove_shell_main
                0x0000000000003880        0x0 /usr/lib/gcc/x86_64-pc-linux-gnu/8.1.1/../../../../lib/Scrt1.o
 .rela.text.addgroup_main
                0x0000000000003880        0x0 /usr/lib/gcc/x86_64-pc-linux-gnu/8.1.1/../../../../lib/Scrt1.o
 .rela.text.adduser_main
                0x0000000000003880        0x0 /usr/lib/gcc/x86_64-pc-linux-gnu/8.1.1/../../../../lib/Scrt1.o
 .rela.text.chpasswd_main
                0x0000000000003880        0x0 /usr/lib/gcc/x86_64-pc-linux-gnu/8.1.1/../../../../lib/Scrt1.o
 .rela.text.cryptpw_main
                0x0000000000003880        0x0 /usr/lib/gcc/x86_64-pc-linux-gnu/8.1.1/../../../../lib/Scrt1.o
 .rela.text.deluser_main
                0x0000000000003880        0x0 /usr/lib/gcc/x86_64-pc-linux-gnu/8.1.1/../../../../lib/Scrt1.o
 .rela.text.set_tty_attrs
                0x0000000000003880        0x0 /usr/lib/gcc/x86_64-pc-linux-gnu/8.1.1/../../../../lib/Scrt1.o
 .rela.text.finalize_tty_attrs
                0x0000000000003880        0x0 /usr/lib/gcc/x86_64-pc-linux-gnu/8.1.1/../../../../lib/Scrt1.o
 .rela.text.getty_main
                0x0000000000003880        0x0 /usr/lib/gcc/x86_64-pc-linux-gnu/8.1.1/../../../../lib/Scrt1.o
 .rela.text.alarm_handler
                0x0000000000003880        0x0 /usr/lib/gcc/x86_64-pc-linux-gnu/8.1.1/../../../../lib/Scrt1.o
 .rela.text.login_main
                0x0000000000003880        0x0 /usr/lib/gcc/x86_64-pc-linux-gnu/8.1.1/../../../../lib/Scrt1.o
 .rela.text.passwd_main
                0x0000000000003880        0x0 /usr/lib/gcc/x86_64-pc-linux-gnu/8.1.1/../../../../lib/Scrt1.o
 .rela.text.su_main
                0x0000000000003880        0x0 /usr/lib/gcc/x86_64-pc-linux-gnu/8.1.1/../../../../lib/Scrt1.o
 .rela.text.sulogin_main
                0x0000000000003880        0x0 /usr/lib/gcc/x86_64-pc-linux-gnu/8.1.1/../../../../lib/Scrt1.o
 .rela.text.release_vt
                0x0000000000003880        0x0 /usr/lib/gcc/x86_64-pc-linux-gnu/8.1.1/../../../../lib/Scrt1.o
 .rela.text.vlock_main
                0x0000000000003880        0x0 /usr/lib/gcc/x86_64-pc-linux-gnu/8.1.1/../../../../lib/Scrt1.o
 .rela.text.makemime_main
                0x0000000000003880        0x0 /usr/lib/gcc/x86_64-pc-linux-gnu/8.1.1/../../../../lib/Scrt1.o
 .rela.text.pop3_checkr
                0x0000000000003880        0x0 /usr/lib/gcc/x86_64-pc-linux-gnu/8.1.1/../../../../lib/Scrt1.o
 .rela.text.popmaildir_main
                0x0000000000003880        0x0 /usr/lib/gcc/x86_64-pc-linux-gnu/8.1.1/../../../../lib/Scrt1.o
 .rela.text.parse
                0x0000000000003880        0x0 /usr/lib/gcc/x86_64-pc-linux-gnu/8.1.1/../../../../lib/Scrt1.o
 .rela.text.reformime_main
                0x0000000000003880        0x0 /usr/lib/gcc/x86_64-pc-linux-gnu/8.1.1/../../../../lib/Scrt1.o
 .rela.text.smtp_checkp
                0x0000000000003880        0x0 /usr/lib/gcc/x86_64-pc-linux-gnu/8.1.1/../../../../lib/Scrt1.o
 .rela.text.send_r_n
                0x0000000000003880        0x0 /usr/lib/gcc/x86_64-pc-linux-gnu/8.1.1/../../../../lib/Scrt1.o
 .rela.text.sendmail_main
                0x0000000000003880        0x0 /usr/lib/gcc/x86_64-pc-linux-gnu/8.1.1/../../../../lib/Scrt1.o
 .rela.text.signal_handler
                0x0000000000003880        0x0 /usr/lib/gcc/x86_64-pc-linux-gnu/8.1.1/../../../../lib/Scrt1.o
 .rela.text.launch_helper
                0x0000000000003880        0x0 /usr/lib/gcc/x86_64-pc-linux-gnu/8.1.1/../../../../lib/Scrt1.o
 .rela.text.send_mail_command
                0x0000000000003880        0x0 /usr/lib/gcc/x86_64-pc-linux-gnu/8.1.1/../../../../lib/Scrt1.o
 .rela.text.encode_base64
                0x0000000000003880        0x0 /usr/lib/gcc/x86_64-pc-linux-gnu/8.1.1/../../../../lib/Scrt1.o
 .rela.text.get_cred_or_die
                0x0000000000003880        0x0 /usr/lib/gcc/x86_64-pc-linux-gnu/8.1.1/../../../../lib/Scrt1.o
 .rela.text.beep_main
                0x0000000000003880        0x0 /usr/lib/gcc/x86_64-pc-linux-gnu/8.1.1/../../../../lib/Scrt1.o
 .rela.text.crondlog
                0x0000000000003880        0x0 /usr/lib/gcc/x86_64-pc-linux-gnu/8.1.1/../../../../lib/Scrt1.o
 .rela.text.reopen_logfile_to_stderr
                0x0000000000003880        0x0 /usr/lib/gcc/x86_64-pc-linux-gnu/8.1.1/../../../../lib/Scrt1.o
 .rela.text.delete_cronfile
                0x0000000000003880        0x0 /usr/lib/gcc/x86_64-pc-linux-gnu/8.1.1/../../../../lib/Scrt1.o
 .rela.text.ParseField
                0x0000000000003880        0x0 /usr/lib/gcc/x86_64-pc-linux-gnu/8.1.1/../../../../lib/Scrt1.o
 .rela.text.fork_job
                0x0000000000003880        0x0 /usr/lib/gcc/x86_64-pc-linux-gnu/8.1.1/../../../../lib/Scrt1.o
 .rela.text.start_jobs
                0x0000000000003880        0x0 /usr/lib/gcc/x86_64-pc-linux-gnu/8.1.1/../../../../lib/Scrt1.o
 .rela.text.load_crontab
                0x0000000000003880        0x0 /usr/lib/gcc/x86_64-pc-linux-gnu/8.1.1/../../../../lib/Scrt1.o
 .rela.text.rescan_crontab_dir
                0x0000000000003880        0x0 /usr/lib/gcc/x86_64-pc-linux-gnu/8.1.1/../../../../lib/Scrt1.o
 .rela.text.crond_main
                0x0000000000003880        0x0 /usr/lib/gcc/x86_64-pc-linux-gnu/8.1.1/../../../../lib/Scrt1.o
 .rela.text.crontab_main
                0x0000000000003880        0x0 /usr/lib/gcc/x86_64-pc-linux-gnu/8.1.1/../../../../lib/Scrt1.o
 .rela.text.pop
                0x0000000000003880        0x0 /usr/lib/gcc/x86_64-pc-linux-gnu/8.1.1/../../../../lib/Scrt1.o
 .rela.text.push
                0x0000000000003880        0x0 /usr/lib/gcc/x86_64-pc-linux-gnu/8.1.1/../../../../lib/Scrt1.o
 .rela.text.set_output_base
                0x0000000000003880        0x0 /usr/lib/gcc/x86_64-pc-linux-gnu/8.1.1/../../../../lib/Scrt1.o
 .rela.text.print_base
                0x0000000000003880        0x0 /usr/lib/gcc/x86_64-pc-linux-gnu/8.1.1/../../../../lib/Scrt1.o
 .rela.text.print_stack_no_pop
                0x0000000000003880        0x0 /usr/lib/gcc/x86_64-pc-linux-gnu/8.1.1/../../../../lib/Scrt1.o
 .rela.text.print_no_pop
                0x0000000000003880        0x0 /usr/lib/gcc/x86_64-pc-linux-gnu/8.1.1/../../../../lib/Scrt1.o
 .rela.text.dc_main
                0x0000000000003880        0x0 /usr/lib/gcc/x86_64-pc-linux-gnu/8.1.1/../../../../lib/Scrt1.o
 .rela.text.devmem_main
                0x0000000000003880        0x0 /usr/lib/gcc/x86_64-pc-linux-gnu/8.1.1/../../../../lib/Scrt1.o
 .rela.text.fb_pixel_value
                0x0000000000003880        0x0 /usr/lib/gcc/x86_64-pc-linux-gnu/8.1.1/../../../../lib/Scrt1.o
 .rela.text.fb_write_pixel
                0x0000000000003880        0x0 /usr/lib/gcc/x86_64-pc-linux-gnu/8.1.1/../../../../lib/Scrt1.o
 .rela.text.fb_drawfullrectangle
                0x0000000000003880        0x0 /usr/lib/gcc/x86_64-pc-linux-gnu/8.1.1/../../../../lib/Scrt1.o
 .rela.text.fb_drawprogressbar
                0x0000000000003880        0x0 /usr/lib/gcc/x86_64-pc-linux-gnu/8.1.1/../../../../lib/Scrt1.o
 .rela.text.fbsplash_main
                0x0000000000003880        0x0 /usr/lib/gcc/x86_64-pc-linux-gnu/8.1.1/../../../../lib/Scrt1.o
 .rela.text.format_line
                0x0000000000003880        0x0 /usr/lib/gcc/x86_64-pc-linux-gnu/8.1.1/../../../../lib/Scrt1.o
 .rela.text.redraw_cur_line
                0x0000000000003880        0x0 /usr/lib/gcc/x86_64-pc-linux-gnu/8.1.1/../../../../lib/Scrt1.o
 .rela.text.redraw
                0x0000000000003880        0x0 /usr/lib/gcc/x86_64-pc-linux-gnu/8.1.1/../../../../lib/Scrt1.o
 .rela.text.restore_term
                0x0000000000003880        0x0 /usr/lib/gcc/x86_64-pc-linux-gnu/8.1.1/../../../../lib/Scrt1.o
 .rela.text.sig_catcher
                0x0000000000003880        0x0 /usr/lib/gcc/x86_64-pc-linux-gnu/8.1.1/../../../../lib/Scrt1.o
 .rela.text.remap
                0x0000000000003880        0x0 /usr/lib/gcc/x86_64-pc-linux-gnu/8.1.1/../../../../lib/Scrt1.o
 .rela.text.move_mapping_further
                0x0000000000003880        0x0 /usr/lib/gcc/x86_64-pc-linux-gnu/8.1.1/../../../../lib/Scrt1.o
 .rela.text.move_mapping_lower
                0x0000000000003880        0x0 /usr/lib/gcc/x86_64-pc-linux-gnu/8.1.1/../../../../lib/Scrt1.o
 .rela.text.hexedit_main
                0x0000000000003880        0x0 /usr/lib/gcc/x86_64-pc-linux-gnu/8.1.1/../../../../lib/Scrt1.o
 .rela.text.i2c_dev_open
                0x0000000000003880        0x0 /usr/lib/gcc/x86_64-pc-linux-gnu/8.1.1/../../../../lib/Scrt1.o
 .rela.text.confirm_or_abort
                0x0000000000003880        0x0 /usr/lib/gcc/x86_64-pc-linux-gnu/8.1.1/../../../../lib/Scrt1.o
 .rela.text.i2cget_main
                0x0000000000003880        0x0 /usr/lib/gcc/x86_64-pc-linux-gnu/8.1.1/../../../../lib/Scrt1.o
 .rela.text.i2cset_main
                0x0000000000003880        0x0 /usr/lib/gcc/x86_64-pc-linux-gnu/8.1.1/../../../../lib/Scrt1.o
 .rela.text.i2cdump_main
                0x0000000000003880        0x0 /usr/lib/gcc/x86_64-pc-linux-gnu/8.1.1/../../../../lib/Scrt1.o
 .rela.text.i2cdetect_main
                0x0000000000003880        0x0 /usr/lib/gcc/x86_64-pc-linux-gnu/8.1.1/../../../../lib/Scrt1.o
 .rela.text.at_end
                0x0000000000003880        0x0 /usr/lib/gcc/x86_64-pc-linux-gnu/8.1.1/../../../../lib/Scrt1.o
 .rela.text.safe_lineno
                0x0000000000003880        0x0 /usr/lib/gcc/x86_64-pc-linux-gnu/8.1.1/../../../../lib/Scrt1.o
 .rela.text.sigwinch_handler
                0x0000000000003880        0x0 /usr/lib/gcc/x86_64-pc-linux-gnu/8.1.1/../../../../lib/Scrt1.o
 .rela.text.set_tty_cooked
                0x0000000000003880        0x0 /usr/lib/gcc/x86_64-pc-linux-gnu/8.1.1/../../../../lib/Scrt1.o
 .rela.text.clear_line
                0x0000000000003880        0x0 /usr/lib/gcc/x86_64-pc-linux-gnu/8.1.1/../../../../lib/Scrt1.o
 .rela.text.less_exit
                0x0000000000003880        0x0 /usr/lib/gcc/x86_64-pc-linux-gnu/8.1.1/../../../../lib/Scrt1.o
 .rela.text.print_statusline
                0x0000000000003880        0x0 /usr/lib/gcc/x86_64-pc-linux-gnu/8.1.1/../../../../lib/Scrt1.o
 .rela.text.fill_match_lines
                0x0000000000003880        0x0 /usr/lib/gcc/x86_64-pc-linux-gnu/8.1.1/../../../../lib/Scrt1.o
 .rela.text.read_lines
                0x0000000000003880        0x0 /usr/lib/gcc/x86_64-pc-linux-gnu/8.1.1/../../../../lib/Scrt1.o
 .rela.text.goto_lineno
                0x0000000000003880        0x0 /usr/lib/gcc/x86_64-pc-linux-gnu/8.1.1/../../../../lib/Scrt1.o
 .rela.text.cap_cur_fline
                0x0000000000003880        0x0 /usr/lib/gcc/x86_64-pc-linux-gnu/8.1.1/../../../../lib/Scrt1.o
 .rela.text.re_wrap
                0x0000000000003880        0x0 /usr/lib/gcc/x86_64-pc-linux-gnu/8.1.1/../../../../lib/Scrt1.o
 .rela.text.update_num_lines
                0x0000000000003880        0x0 /usr/lib/gcc/x86_64-pc-linux-gnu/8.1.1/../../../../lib/Scrt1.o
 .rela.text.m_status_print
                0x0000000000003880        0x0 /usr/lib/gcc/x86_64-pc-linux-gnu/8.1.1/../../../../lib/Scrt1.o
 .rela.text.status_print
                0x0000000000003880        0x0 /usr/lib/gcc/x86_64-pc-linux-gnu/8.1.1/../../../../lib/Scrt1.o
 .rela.text.buffer_print
                0x0000000000003880        0x0 /usr/lib/gcc/x86_64-pc-linux-gnu/8.1.1/../../../../lib/Scrt1.o
 .rela.text.buffer_fill_and_print
                0x0000000000003880        0x0 /usr/lib/gcc/x86_64-pc-linux-gnu/8.1.1/../../../../lib/Scrt1.o
 .rela.text.reinitialize
                0x0000000000003880        0x0 /usr/lib/gcc/x86_64-pc-linux-gnu/8.1.1/../../../../lib/Scrt1.o
 .rela.text.change_file
                0x0000000000003880        0x0 /usr/lib/gcc/x86_64-pc-linux-gnu/8.1.1/../../../../lib/Scrt1.o
 .rela.text.buffer_down
                0x0000000000003880        0x0 /usr/lib/gcc/x86_64-pc-linux-gnu/8.1.1/../../../../lib/Scrt1.o
 .rela.text.buffer_up
                0x0000000000003880        0x0 /usr/lib/gcc/x86_64-pc-linux-gnu/8.1.1/../../../../lib/Scrt1.o
 .rela.text.buffer_to_line
                0x0000000000003880        0x0 /usr/lib/gcc/x86_64-pc-linux-gnu/8.1.1/../../../../lib/Scrt1.o
 .rela.text.goto_match
                0x0000000000003880        0x0 /usr/lib/gcc/x86_64-pc-linux-gnu/8.1.1/../../../../lib/Scrt1.o
 .rela.text.getch_nowait
                0x0000000000003880        0x0 /usr/lib/gcc/x86_64-pc-linux-gnu/8.1.1/../../../../lib/Scrt1.o
 .rela.text.less_getch
                0x0000000000003880        0x0 /usr/lib/gcc/x86_64-pc-linux-gnu/8.1.1/../../../../lib/Scrt1.o
 .rela.text.less_gets
                0x0000000000003880        0x0 /usr/lib/gcc/x86_64-pc-linux-gnu/8.1.1/../../../../lib/Scrt1.o
 .rela.text.examine_file
                0x0000000000003880        0x0 /usr/lib/gcc/x86_64-pc-linux-gnu/8.1.1/../../../../lib/Scrt1.o
 .rela.text.regex_process
                0x0000000000003880        0x0 /usr/lib/gcc/x86_64-pc-linux-gnu/8.1.1/../../../../lib/Scrt1.o
 .rela.text.less_main
                0x0000000000003880        0x0 /usr/lib/gcc/x86_64-pc-linux-gnu/8.1.1/../../../../lib/Scrt1.o
 .rela.text.lsscsi_main
                0x0000000000003880        0x0 /usr/lib/gcc/x86_64-pc-linux-gnu/8.1.1/../../../../lib/Scrt1.o
 .rela.text.makedevs_main
                0x0000000000003880        0x0 /usr/lib/gcc/x86_64-pc-linux-gnu/8.1.1/../../../../lib/Scrt1.o
 .rela.text.run_pipe
                0x0000000000003880        0x0 /usr/lib/gcc/x86_64-pc-linux-gnu/8.1.1/../../../../lib/Scrt1.o
 .rela.text.man_main
                0x0000000000003880        0x0 /usr/lib/gcc/x86_64-pc-linux-gnu/8.1.1/../../../../lib/Scrt1.o
 .rela.text.microcom_main
                0x0000000000003880        0x0 /usr/lib/gcc/x86_64-pc-linux-gnu/8.1.1/../../../../lib/Scrt1.o
 .rela.text.next_good_eraseblock
                0x0000000000003880        0x0 /usr/lib/gcc/x86_64-pc-linux-gnu/8.1.1/../../../../lib/Scrt1.o
 .rela.text.nandwrite_main
                0x0000000000003880        0x0 /usr/lib/gcc/x86_64-pc-linux-gnu/8.1.1/../../../../lib/Scrt1.o
 .rela.text.partprobe_main
                0x0000000000003880        0x0 /usr/lib/gcc/x86_64-pc-linux-gnu/8.1.1/../../../../lib/Scrt1.o
 .rela.text.rx_main
                0x0000000000003880        0x0 /usr/lib/gcc/x86_64-pc-linux-gnu/8.1.1/../../../../lib/Scrt1.o
 .rela.text.setfattr_main
                0x0000000000003880        0x0 /usr/lib/gcc/x86_64-pc-linux-gnu/8.1.1/../../../../lib/Scrt1.o
 .rela.text.setserial_main
                0x0000000000003880        0x0 /usr/lib/gcc/x86_64-pc-linux-gnu/8.1.1/../../../../lib/Scrt1.o
 .rela.text.strings_main
                0x0000000000003880        0x0 /usr/lib/gcc/x86_64-pc-linux-gnu/8.1.1/../../../../lib/Scrt1.o
 .rela.text.run_command
                0x0000000000003880        0x0 /usr/lib/gcc/x86_64-pc-linux-gnu/8.1.1/../../../../lib/Scrt1.o
 .rela.text.time_main
                0x0000000000003880        0x0 /usr/lib/gcc/x86_64-pc-linux-gnu/8.1.1/../../../../lib/Scrt1.o
 .rela.text.ubi_tools_main
                0x0000000000003880        0x0 /usr/lib/gcc/x86_64-pc-linux-gnu/8.1.1/../../../../lib/Scrt1.o
 .rela.text.shutdown_on_signal
                0x0000000000003880        0x0 /usr/lib/gcc/x86_64-pc-linux-gnu/8.1.1/../../../../lib/Scrt1.o
 .rela.text.watchdog_main
                0x0000000000003880        0x0 /usr/lib/gcc/x86_64-pc-linux-gnu/8.1.1/../../../../lib/Scrt1.o
 .rela.text.display
                0x0000000000003880        0x0 /usr/lib/gcc/x86_64-pc-linux-gnu/8.1.1/../../../../lib/Scrt1.o
 .rela.text.modinfo
                0x0000000000003880        0x0 /usr/lib/gcc/x86_64-pc-linux-gnu/8.1.1/../../../../lib/Scrt1.o
 .rela.text.modinfo_main
                0x0000000000003880        0x0 /usr/lib/gcc/x86_64-pc-linux-gnu/8.1.1/../../../../lib/Scrt1.o
 .rela.text.load_dep_bb
                0x0000000000003880        0x0 /usr/lib/gcc/x86_64-pc-linux-gnu/8.1.1/../../../../lib/Scrt1.o
 .rela.text.append
                0x0000000000003880        0x0 /usr/lib/gcc/x86_64-pc-linux-gnu/8.1.1/../../../../lib/Scrt1.o
 .rela.text.copy_stringbuf
                0x0000000000003880        0x0 /usr/lib/gcc/x86_64-pc-linux-gnu/8.1.1/../../../../lib/Scrt1.o
 .rela.text.rmmod
                0x0000000000003880        0x0 /usr/lib/gcc/x86_64-pc-linux-gnu/8.1.1/../../../../lib/Scrt1.o
 .rela.text.parse_module
                0x0000000000003880        0x0 /usr/lib/gcc/x86_64-pc-linux-gnu/8.1.1/../../../../lib/Scrt1.o
 .rela.text.find_alias
                0x0000000000003880        0x0 /usr/lib/gcc/x86_64-pc-linux-gnu/8.1.1/../../../../lib/Scrt1.o
 .rela.text.process_module
                0x0000000000003880        0x0 /usr/lib/gcc/x86_64-pc-linux-gnu/8.1.1/../../../../lib/Scrt1.o
 .rela.text.fileAction
                0x0000000000003880        0x0 /usr/lib/gcc/x86_64-pc-linux-gnu/8.1.1/../../../../lib/Scrt1.o
 .rela.text.modprobe_main
                0x0000000000003880        0x0 /usr/lib/gcc/x86_64-pc-linux-gnu/8.1.1/../../../../lib/Scrt1.o
 .rela.text.arp_show
                0x0000000000003880        0x0 /usr/lib/gcc/x86_64-pc-linux-gnu/8.1.1/../../../../lib/Scrt1.o
 .rela.text.arp_main
                0x0000000000003880        0x0 /usr/lib/gcc/x86_64-pc-linux-gnu/8.1.1/../../../../lib/Scrt1.o
 .rela.text.finish
                0x0000000000003880        0x0 /usr/lib/gcc/x86_64-pc-linux-gnu/8.1.1/../../../../lib/Scrt1.o
 .rela.text.catcher
                0x0000000000003880        0x0 /usr/lib/gcc/x86_64-pc-linux-gnu/8.1.1/../../../../lib/Scrt1.o
 .rela.text.arping_main
                0x0000000000003880        0x0 /usr/lib/gcc/x86_64-pc-linux-gnu/8.1.1/../../../../lib/Scrt1.o
 .rela.text.brctl_main
                0x0000000000003880        0x0 /usr/lib/gcc/x86_64-pc-linux-gnu/8.1.1/../../../../lib/Scrt1.o
 .rela.text.dnsd_main
                0x0000000000003880        0x0 /usr/lib/gcc/x86_64-pc-linux-gnu/8.1.1/../../../../lib/Scrt1.o
 .rela.text.ether_wake_main
                0x0000000000003880        0x0 /usr/lib/gcc/x86_64-pc-linux-gnu/8.1.1/../../../../lib/Scrt1.o
 .rela.text.cmdio_get_cmd_and_arg
                0x0000000000003880        0x0 /usr/lib/gcc/x86_64-pc-linux-gnu/8.1.1/../../../../lib/Scrt1.o
 .rela.text.cmdio_write_ok
                0x0000000000003880        0x0 /usr/lib/gcc/x86_64-pc-linux-gnu/8.1.1/../../../../lib/Scrt1.o
 .rela.text.cmdio_write_error
                0x0000000000003880        0x0 /usr/lib/gcc/x86_64-pc-linux-gnu/8.1.1/../../../../lib/Scrt1.o
 .rela.text.cmdio_write
                0x0000000000003880        0x0 /usr/lib/gcc/x86_64-pc-linux-gnu/8.1.1/../../../../lib/Scrt1.o
 .rela.text.handle_cwd
                0x0000000000003880        0x0 /usr/lib/gcc/x86_64-pc-linux-gnu/8.1.1/../../../../lib/Scrt1.o
 .rela.text.port_pasv_cleanup
                0x0000000000003880        0x0 /usr/lib/gcc/x86_64-pc-linux-gnu/8.1.1/../../../../lib/Scrt1.o
 .rela.text.get_remote_transfer_fd
                0x0000000000003880        0x0 /usr/lib/gcc/x86_64-pc-linux-gnu/8.1.1/../../../../lib/Scrt1.o
 .rela.text.bind_for_passive_mode
                0x0000000000003880        0x0 /usr/lib/gcc/x86_64-pc-linux-gnu/8.1.1/../../../../lib/Scrt1.o
 .rela.text.cmdio_write_raw
                0x0000000000003880        0x0 /usr/lib/gcc/x86_64-pc-linux-gnu/8.1.1/../../../../lib/Scrt1.o
 .rela.text.timeout_handler
                0x0000000000003880        0x0 /usr/lib/gcc/x86_64-pc-linux-gnu/8.1.1/../../../../lib/Scrt1.o
 .rela.text.handle_size_or_mdtm
                0x0000000000003880        0x0 /usr/lib/gcc/x86_64-pc-linux-gnu/8.1.1/../../../../lib/Scrt1.o
 .rela.text.port_or_pasv_was_seen
                0x0000000000003880        0x0 /usr/lib/gcc/x86_64-pc-linux-gnu/8.1.1/../../../../lib/Scrt1.o
 .rela.text.handle_upload_common
                0x0000000000003880        0x0 /usr/lib/gcc/x86_64-pc-linux-gnu/8.1.1/../../../../lib/Scrt1.o
 .rela.text.handle_dir_common
                0x0000000000003880        0x0 /usr/lib/gcc/x86_64-pc-linux-gnu/8.1.1/../../../../lib/Scrt1.o
 .rela.text.ftpd_main
                0x0000000000003880        0x0 /usr/lib/gcc/x86_64-pc-linux-gnu/8.1.1/../../../../lib/Scrt1.o
 .rela.text.ftp_die
                0x0000000000003880        0x0 /usr/lib/gcc/x86_64-pc-linux-gnu/8.1.1/../../../../lib/Scrt1.o
 .rela.text.ftpcmd
                0x0000000000003880        0x0 /usr/lib/gcc/x86_64-pc-linux-gnu/8.1.1/../../../../lib/Scrt1.o
 .rela.text.xconnect_ftpdata
                0x0000000000003880        0x0 /usr/lib/gcc/x86_64-pc-linux-gnu/8.1.1/../../../../lib/Scrt1.o
 .rela.text.ftp_receive
                0x0000000000003880        0x0 /usr/lib/gcc/x86_64-pc-linux-gnu/8.1.1/../../../../lib/Scrt1.o
 .rela.text.ftpgetput_main
                0x0000000000003880        0x0 /usr/lib/gcc/x86_64-pc-linux-gnu/8.1.1/../../../../lib/Scrt1.o
 .rela.text.hostname_main
                0x0000000000003880        0x0 /usr/lib/gcc/x86_64-pc-linux-gnu/8.1.1/../../../../lib/Scrt1.o
 .rela.text.checkPermIP
                0x0000000000003880        0x0 /usr/lib/gcc/x86_64-pc-linux-gnu/8.1.1/../../../../lib/Scrt1.o
 .rela.text.parse_conf
                0x0000000000003880        0x0 /usr/lib/gcc/x86_64-pc-linux-gnu/8.1.1/../../../../lib/Scrt1.o
 .rela.text.get_line
                0x0000000000003880        0x0 /usr/lib/gcc/x86_64-pc-linux-gnu/8.1.1/../../../../lib/Scrt1.o
 .rela.text.check_user_passwd
                0x0000000000003880        0x0 /usr/lib/gcc/x86_64-pc-linux-gnu/8.1.1/../../../../lib/Scrt1.o
 .rela.text.log_and_exit
                0x0000000000003880        0x0 /usr/lib/gcc/x86_64-pc-linux-gnu/8.1.1/../../../../lib/Scrt1.o
 .rela.text.cgi_io_loop_and_exit
                0x0000000000003880        0x0 /usr/lib/gcc/x86_64-pc-linux-gnu/8.1.1/../../../../lib/Scrt1.o
 .rela.text.send_file_and_exit
                0x0000000000003880        0x0 /usr/lib/gcc/x86_64-pc-linux-gnu/8.1.1/../../../../lib/Scrt1.o
 .rela.text.send_headers
                0x0000000000003880        0x0 /usr/lib/gcc/x86_64-pc-linux-gnu/8.1.1/../../../../lib/Scrt1.o
 .rela.text.send_headers_and_exit
                0x0000000000003880        0x0 /usr/lib/gcc/x86_64-pc-linux-gnu/8.1.1/../../../../lib/Scrt1.o
 .rela.text.send_cgi_and_exit
                0x0000000000003880        0x0 /usr/lib/gcc/x86_64-pc-linux-gnu/8.1.1/../../../../lib/Scrt1.o
 .rela.text.handle_incoming_and_exit
                0x0000000000003880        0x0 /usr/lib/gcc/x86_64-pc-linux-gnu/8.1.1/../../../../lib/Scrt1.o
 .rela.text.httpd_main
                0x0000000000003880        0x0 /usr/lib/gcc/x86_64-pc-linux-gnu/8.1.1/../../../../lib/Scrt1.o
 .rela.text.get_drv_info
                0x0000000000003880        0x0 /usr/lib/gcc/x86_64-pc-linux-gnu/8.1.1/../../../../lib/Scrt1.o
 .rela.text.enslave
                0x0000000000003880        0x0 /usr/lib/gcc/x86_64-pc-linux-gnu/8.1.1/../../../../lib/Scrt1.o
 .rela.text.ifenslave_main
                0x0000000000003880        0x0 /usr/lib/gcc/x86_64-pc-linux-gnu/8.1.1/../../../../lib/Scrt1.o
 .rela.text.set_ifreq_to_ifname
                0x0000000000003880        0x0 /usr/lib/gcc/x86_64-pc-linux-gnu/8.1.1/../../../../lib/Scrt1.o
 .rela.text.detect_link_iff
                0x0000000000003880        0x0 /usr/lib/gcc/x86_64-pc-linux-gnu/8.1.1/../../../../lib/Scrt1.o
 .rela.text.detect_link_wlan
                0x0000000000003880        0x0 /usr/lib/gcc/x86_64-pc-linux-gnu/8.1.1/../../../../lib/Scrt1.o
 .rela.text.check_existence_through_netlink
                0x0000000000003880        0x0 /usr/lib/gcc/x86_64-pc-linux-gnu/8.1.1/../../../../lib/Scrt1.o
 .rela.text.up_iface
                0x0000000000003880        0x0 /usr/lib/gcc/x86_64-pc-linux-gnu/8.1.1/../../../../lib/Scrt1.o
 .rela.text.maybe_up_new_iface
                0x0000000000003880        0x0 /usr/lib/gcc/x86_64-pc-linux-gnu/8.1.1/../../../../lib/Scrt1.o
 .rela.text.detect_link
                0x0000000000003880        0x0 /usr/lib/gcc/x86_64-pc-linux-gnu/8.1.1/../../../../lib/Scrt1.o
 .rela.text.run_script
                0x0000000000003880        0x0 /usr/lib/gcc/x86_64-pc-linux-gnu/8.1.1/../../../../lib/Scrt1.o
 .rela.text.ifplugd_main
                0x0000000000003880        0x0 /usr/lib/gcc/x86_64-pc-linux-gnu/8.1.1/../../../../lib/Scrt1.o
 .rela.text.doit
                0x0000000000003880        0x0 /usr/lib/gcc/x86_64-pc-linux-gnu/8.1.1/../../../../lib/Scrt1.o
 .rela.text.set_environ
                0x0000000000003880        0x0 /usr/lib/gcc/x86_64-pc-linux-gnu/8.1.1/../../../../lib/Scrt1.o
 .rela.text.ifupdown_main
                0x0000000000003880        0x0 /usr/lib/gcc/x86_64-pc-linux-gnu/8.1.1/../../../../lib/Scrt1.o
 .rela.text.remove_fd_from_set
                0x0000000000003880        0x0 /usr/lib/gcc/x86_64-pc-linux-gnu/8.1.1/../../../../lib/Scrt1.o
 .rela.text.init_ring
                0x0000000000003880        0x0 /usr/lib/gcc/x86_64-pc-linux-gnu/8.1.1/../../../../lib/Scrt1.o
 .rela.text.discard_dg
                0x0000000000003880        0x0 /usr/lib/gcc/x86_64-pc-linux-gnu/8.1.1/../../../../lib/Scrt1.o
 .rela.text.bump_nofile
                0x0000000000003880        0x0 /usr/lib/gcc/x86_64-pc-linux-gnu/8.1.1/../../../../lib/Scrt1.o
 .rela.text.add_fd_to_set
                0x0000000000003880        0x0 /usr/lib/gcc/x86_64-pc-linux-gnu/8.1.1/../../../../lib/Scrt1.o
 .rela.text.clean_up_and_exit
                0x0000000000003880        0x0 /usr/lib/gcc/x86_64-pc-linux-gnu/8.1.1/../../../../lib/Scrt1.o
 .rela.text.reap_child
                0x0000000000003880        0x0 /usr/lib/gcc/x86_64-pc-linux-gnu/8.1.1/../../../../lib/Scrt1.o
 .rela.text.daytime_dg
                0x0000000000003880        0x0 /usr/lib/gcc/x86_64-pc-linux-gnu/8.1.1/../../../../lib/Scrt1.o
 .rela.text.machtime_dg
                0x0000000000003880        0x0 /usr/lib/gcc/x86_64-pc-linux-gnu/8.1.1/../../../../lib/Scrt1.o
 .rela.text.discard_stream
                0x0000000000003880        0x0 /usr/lib/gcc/x86_64-pc-linux-gnu/8.1.1/../../../../lib/Scrt1.o
 .rela.text.echo_stream
                0x0000000000003880        0x0 /usr/lib/gcc/x86_64-pc-linux-gnu/8.1.1/../../../../lib/Scrt1.o
 .rela.text.rearm_alarm
                0x0000000000003880        0x0 /usr/lib/gcc/x86_64-pc-linux-gnu/8.1.1/../../../../lib/Scrt1.o
 .rela.text.prepare_socket_fd
                0x0000000000003880        0x0 /usr/lib/gcc/x86_64-pc-linux-gnu/8.1.1/../../../../lib/Scrt1.o
 .rela.text.retry_network_setup
                0x0000000000003880        0x0 /usr/lib/gcc/x86_64-pc-linux-gnu/8.1.1/../../../../lib/Scrt1.o
 .rela.text.chargen_dg
                0x0000000000003880        0x0 /usr/lib/gcc/x86_64-pc-linux-gnu/8.1.1/../../../../lib/Scrt1.o
 .rela.text.chargen_stream
                0x0000000000003880        0x0 /usr/lib/gcc/x86_64-pc-linux-gnu/8.1.1/../../../../lib/Scrt1.o
 .rela.text.parse_one_line
                0x0000000000003880        0x0 /usr/lib/gcc/x86_64-pc-linux-gnu/8.1.1/../../../../lib/Scrt1.o
 .rela.text.reread_config_file
                0x0000000000003880        0x0 /usr/lib/gcc/x86_64-pc-linux-gnu/8.1.1/../../../../lib/Scrt1.o
 .rela.text.inetd_main
                0x0000000000003880        0x0 /usr/lib/gcc/x86_64-pc-linux-gnu/8.1.1/../../../../lib/Scrt1.o
 .rela.text.do_if_print
                0x0000000000003880        0x0 /usr/lib/gcc/x86_64-pc-linux-gnu/8.1.1/../../../../lib/Scrt1.o
 .rela.text.ipcalc_main
                0x0000000000003880        0x0 /usr/lib/gcc/x86_64-pc-linux-gnu/8.1.1/../../../../lib/Scrt1.o
 .rela.text.do_rd
                0x0000000000003880        0x0 /usr/lib/gcc/x86_64-pc-linux-gnu/8.1.1/../../../../lib/Scrt1.o
 .rela.text.fakeidentd_main
                0x0000000000003880        0x0 /usr/lib/gcc/x86_64-pc-linux-gnu/8.1.1/../../../../lib/Scrt1.o
 .rela.text.nameif_main
                0x0000000000003880        0x0 /usr/lib/gcc/x86_64-pc-linux-gnu/8.1.1/../../../../lib/Scrt1.o
 .rela.text.nbdclient_main
                0x0000000000003880        0x0 /usr/lib/gcc/x86_64-pc-linux-gnu/8.1.1/../../../../lib/Scrt1.o
 .rela.text.catch
                0x0000000000003880        0x0 /usr/lib/gcc/x86_64-pc-linux-gnu/8.1.1/../../../../lib/Scrt1.o
 .rela.text.tmtravel
                0x0000000000003880        0x0 /usr/lib/gcc/x86_64-pc-linux-gnu/8.1.1/../../../../lib/Scrt1.o
 .rela.text.connect_w_timeout
                0x0000000000003880        0x0 /usr/lib/gcc/x86_64-pc-linux-gnu/8.1.1/../../../../lib/Scrt1.o
 .rela.text.doexec
                0x0000000000003880        0x0 /usr/lib/gcc/x86_64-pc-linux-gnu/8.1.1/../../../../lib/Scrt1.o
 .rela.text.dolisten
                0x0000000000003880        0x0 /usr/lib/gcc/x86_64-pc-linux-gnu/8.1.1/../../../../lib/Scrt1.o
 .rela.text.oprint
                0x0000000000003880        0x0 /usr/lib/gcc/x86_64-pc-linux-gnu/8.1.1/../../../../lib/Scrt1.o
 .rela.text.readwrite
                0x0000000000003880        0x0 /usr/lib/gcc/x86_64-pc-linux-gnu/8.1.1/../../../../lib/Scrt1.o
 .rela.text.nc_main
                0x0000000000003880        0x0 /usr/lib/gcc/x86_64-pc-linux-gnu/8.1.1/../../../../lib/Scrt1.o
 .rela.text.unix_do_one
                0x0000000000003880        0x0 /usr/lib/gcc/x86_64-pc-linux-gnu/8.1.1/../../../../lib/Scrt1.o
 .rela.text.add_to_prg_cache_if_socket
                0x0000000000003880        0x0 /usr/lib/gcc/x86_64-pc-linux-gnu/8.1.1/../../../../lib/Scrt1.o
 .rela.text.print_inet_line
                0x0000000000003880        0x0 /usr/lib/gcc/x86_64-pc-linux-gnu/8.1.1/../../../../lib/Scrt1.o
 .rela.text.netstat_main
                0x0000000000003880        0x0 /usr/lib/gcc/x86_64-pc-linux-gnu/8.1.1/../../../../lib/Scrt1.o
 .rela.text.add_query
                0x0000000000003880        0x0 /usr/lib/gcc/x86_64-pc-linux-gnu/8.1.1/../../../../lib/Scrt1.o
 .rela.text.add_ns
                0x0000000000003880        0x0 /usr/lib/gcc/x86_64-pc-linux-gnu/8.1.1/../../../../lib/Scrt1.o
 .rela.text.send_queries
                0x0000000000003880        0x0 /usr/lib/gcc/x86_64-pc-linux-gnu/8.1.1/../../../../lib/Scrt1.o
 .rela.text.nslookup_main
                0x0000000000003880        0x0 /usr/lib/gcc/x86_64-pc-linux-gnu/8.1.1/../../../../lib/Scrt1.o
 .rela.text.filter_datapoints
                0x0000000000003880        0x0 /usr/lib/gcc/x86_64-pc-linux-gnu/8.1.1/../../../../lib/Scrt1.o
 .rela.text.reset_peer_stats
                0x0000000000003880        0x0 /usr/lib/gcc/x86_64-pc-linux-gnu/8.1.1/../../../../lib/Scrt1.o
 .rela.text.clamp_pollexp_and_set_MAXSTRAT
                0x0000000000003880        0x0 /usr/lib/gcc/x86_64-pc-linux-gnu/8.1.1/../../../../lib/Scrt1.o
 .rela.text.adjust_poll
                0x0000000000003880        0x0 /usr/lib/gcc/x86_64-pc-linux-gnu/8.1.1/../../../../lib/Scrt1.o
 .rela.text.poll_interval
                0x0000000000003880        0x0 /usr/lib/gcc/x86_64-pc-linux-gnu/8.1.1/../../../../lib/Scrt1.o
 .rela.text.resolve_peer_hostname
                0x0000000000003880        0x0 /usr/lib/gcc/x86_64-pc-linux-gnu/8.1.1/../../../../lib/Scrt1.o
 .rela.text.add_peers
                0x0000000000003880        0x0 /usr/lib/gcc/x86_64-pc-linux-gnu/8.1.1/../../../../lib/Scrt1.o
 .rela.text.gettime1900d
                0x0000000000003880        0x0 /usr/lib/gcc/x86_64-pc-linux-gnu/8.1.1/../../../../lib/Scrt1.o
 .rela.text.ntp_init
                0x0000000000003880        0x0 /usr/lib/gcc/x86_64-pc-linux-gnu/8.1.1/../../../../lib/Scrt1.o
 .rela.text.set_next.isra.0
                0x0000000000003880        0x0 /usr/lib/gcc/x86_64-pc-linux-gnu/8.1.1/../../../../lib/Scrt1.o
 .rela.text.step_time
                0x0000000000003880        0x0 /usr/lib/gcc/x86_64-pc-linux-gnu/8.1.1/../../../../lib/Scrt1.o
 .rela.text.update_local_clock
                0x0000000000003880        0x0 /usr/lib/gcc/x86_64-pc-linux-gnu/8.1.1/../../../../lib/Scrt1.o
 .rela.text.recv_and_process_client_pkt
                0x0000000000003880        0x0 /usr/lib/gcc/x86_64-pc-linux-gnu/8.1.1/../../../../lib/Scrt1.o
 .rela.text.recv_and_process_peer_pkt
                0x0000000000003880        0x0 /usr/lib/gcc/x86_64-pc-linux-gnu/8.1.1/../../../../lib/Scrt1.o
 .rela.text.ntpd_main
                0x0000000000003880        0x0 /usr/lib/gcc/x86_64-pc-linux-gnu/8.1.1/../../../../lib/Scrt1.o
 .rela.text.unpack_tail
                0x0000000000003880        0x0 /usr/lib/gcc/x86_64-pc-linux-gnu/8.1.1/../../../../lib/Scrt1.o
 .rela.text.print_stats_and_exit
                0x0000000000003880        0x0 /usr/lib/gcc/x86_64-pc-linux-gnu/8.1.1/../../../../lib/Scrt1.o
 .rela.text.sendping_tail.constprop.1
                0x0000000000003880        0x0 /usr/lib/gcc/x86_64-pc-linux-gnu/8.1.1/../../../../lib/Scrt1.o
 .rela.text.sendping4
                0x0000000000003880        0x0 /usr/lib/gcc/x86_64-pc-linux-gnu/8.1.1/../../../../lib/Scrt1.o
 .rela.text.sendping6
                0x0000000000003880        0x0 /usr/lib/gcc/x86_64-pc-linux-gnu/8.1.1/../../../../lib/Scrt1.o
 .rela.text.common_ping_main
                0x0000000000003880        0x0 /usr/lib/gcc/x86_64-pc-linux-gnu/8.1.1/../../../../lib/Scrt1.o
 .rela.text.pscan_main
                0x0000000000003880        0x0 /usr/lib/gcc/x86_64-pc-linux-gnu/8.1.1/../../../../lib/Scrt1.o
 .rela.text.route_main
                0x0000000000003880        0x0 /usr/lib/gcc/x86_64-pc-linux-gnu/8.1.1/../../../../lib/Scrt1.o
 .rela.text.restore_state_and_exit
                0x0000000000003880        0x0 /usr/lib/gcc/x86_64-pc-linux-gnu/8.1.1/../../../../lib/Scrt1.o
 .rela.text.slattach_main
                0x0000000000003880        0x0 /usr/lib/gcc/x86_64-pc-linux-gnu/8.1.1/../../../../lib/Scrt1.o
 .rela.text.print_qdisc
                0x0000000000003880        0x0 /usr/lib/gcc/x86_64-pc-linux-gnu/8.1.1/../../../../lib/Scrt1.o
 .rela.text.print_class
                0x0000000000003880        0x0 /usr/lib/gcc/x86_64-pc-linux-gnu/8.1.1/../../../../lib/Scrt1.o
 .rela.text.tc_main
                0x0000000000003880        0x0 /usr/lib/gcc/x86_64-pc-linux-gnu/8.1.1/../../../../lib/Scrt1.o
 .rela.text.connection_status
                0x0000000000003880        0x0 /usr/lib/gcc/x86_64-pc-linux-gnu/8.1.1/../../../../lib/Scrt1.o
 .rela.text.sig_term_handler
                0x0000000000003880        0x0 /usr/lib/gcc/x86_64-pc-linux-gnu/8.1.1/../../../../lib/Scrt1.o
 .rela.text.sig_child_handler
                0x0000000000003880        0x0 /usr/lib/gcc/x86_64-pc-linux-gnu/8.1.1/../../../../lib/Scrt1.o
 .rela.text.xsetenv_proto
                0x0000000000003880        0x0 /usr/lib/gcc/x86_64-pc-linux-gnu/8.1.1/../../../../lib/Scrt1.o
 .rela.text.xsetenv_plain
                0x0000000000003880        0x0 /usr/lib/gcc/x86_64-pc-linux-gnu/8.1.1/../../../../lib/Scrt1.o
 .rela.text.tcpudpsvd_main
                0x0000000000003880        0x0 /usr/lib/gcc/x86_64-pc-linux-gnu/8.1.1/../../../../lib/Scrt1.o
 .rela.text.put_iac
                0x0000000000003880        0x0 /usr/lib/gcc/x86_64-pc-linux-gnu/8.1.1/../../../../lib/Scrt1.o
 .rela.text.iac_flush
                0x0000000000003880        0x0 /usr/lib/gcc/x86_64-pc-linux-gnu/8.1.1/../../../../lib/Scrt1.o
 .rela.text.put_iac2_merged
                0x0000000000003880        0x0 /usr/lib/gcc/x86_64-pc-linux-gnu/8.1.1/../../../../lib/Scrt1.o
 .rela.text.rawmode
                0x0000000000003880        0x0 /usr/lib/gcc/x86_64-pc-linux-gnu/8.1.1/../../../../lib/Scrt1.o
 .rela.text.cookmode
                0x0000000000003880        0x0 /usr/lib/gcc/x86_64-pc-linux-gnu/8.1.1/../../../../lib/Scrt1.o
 .rela.text.setConMode
                0x0000000000003880        0x0 /usr/lib/gcc/x86_64-pc-linux-gnu/8.1.1/../../../../lib/Scrt1.o
 .rela.text.con_escape
                0x0000000000003880        0x0 /usr/lib/gcc/x86_64-pc-linux-gnu/8.1.1/../../../../lib/Scrt1.o
 .rela.text.handle_net_output
                0x0000000000003880        0x0 /usr/lib/gcc/x86_64-pc-linux-gnu/8.1.1/../../../../lib/Scrt1.o
 .rela.text.telnet_main
                0x0000000000003880        0x0 /usr/lib/gcc/x86_64-pc-linux-gnu/8.1.1/../../../../lib/Scrt1.o
 .rela.text.handle_sigchld
                0x0000000000003880        0x0 /usr/lib/gcc/x86_64-pc-linux-gnu/8.1.1/../../../../lib/Scrt1.o
 .rela.text.make_new_session
                0x0000000000003880        0x0 /usr/lib/gcc/x86_64-pc-linux-gnu/8.1.1/../../../../lib/Scrt1.o
 .rela.text.free_session
                0x0000000000003880        0x0 /usr/lib/gcc/x86_64-pc-linux-gnu/8.1.1/../../../../lib/Scrt1.o
 .rela.text.telnetd_main
                0x0000000000003880        0x0 /usr/lib/gcc/x86_64-pc-linux-gnu/8.1.1/../../../../lib/Scrt1.o
 .rela.text.tftp_blksize_check
                0x0000000000003880        0x0 /usr/lib/gcc/x86_64-pc-linux-gnu/8.1.1/../../../../lib/Scrt1.o
 .rela.text.tftp_progress_update
                0x0000000000003880        0x0 /usr/lib/gcc/x86_64-pc-linux-gnu/8.1.1/../../../../lib/Scrt1.o
 .rela.text.tftp_progress_done
                0x0000000000003880        0x0 /usr/lib/gcc/x86_64-pc-linux-gnu/8.1.1/../../../../lib/Scrt1.o
 .rela.text.tftp_protocol
                0x0000000000003880        0x0 /usr/lib/gcc/x86_64-pc-linux-gnu/8.1.1/../../../../lib/Scrt1.o
 .rela.text.tftp_main
                0x0000000000003880        0x0 /usr/lib/gcc/x86_64-pc-linux-gnu/8.1.1/../../../../lib/Scrt1.o
 .rela.text.tftpd_main
                0x0000000000003880        0x0 /usr/lib/gcc/x86_64-pc-linux-gnu/8.1.1/../../../../lib/Scrt1.o
 .rela.text.bad_record_die.isra.4
                0x0000000000003880        0x0 /usr/lib/gcc/x86_64-pc-linux-gnu/8.1.1/../../../../lib/Scrt1.o
 .rela.text.tls_xread_record
                0x0000000000003880        0x0 /usr/lib/gcc/x86_64-pc-linux-gnu/8.1.1/../../../../lib/Scrt1.o
 .rela.text.pr_type
                0x0000000000003880        0x0 /usr/lib/gcc/x86_64-pc-linux-gnu/8.1.1/../../../../lib/Scrt1.o
 .rela.text.common_traceroute_main
                0x0000000000003880        0x0 /usr/lib/gcc/x86_64-pc-linux-gnu/8.1.1/../../../../lib/Scrt1.o
 .rela.text.reset_beg_range_to_zero
                0x0000000000003880        0x0 /usr/lib/gcc/x86_64-pc-linux-gnu/8.1.1/../../../../lib/Scrt1.o
 .rela.text.spawn_ssl_client
                0x0000000000003880        0x0 /usr/lib/gcc/x86_64-pc-linux-gnu/8.1.1/../../../../lib/Scrt1.o
 .rela.text.set_alarm
                0x0000000000003880        0x0 /usr/lib/gcc/x86_64-pc-linux-gnu/8.1.1/../../../../lib/Scrt1.o
 .rela.text.open_socket
                0x0000000000003880        0x0 /usr/lib/gcc/x86_64-pc-linux-gnu/8.1.1/../../../../lib/Scrt1.o
 .rela.text.base64enc
                0x0000000000003880        0x0 /usr/lib/gcc/x86_64-pc-linux-gnu/8.1.1/../../../../lib/Scrt1.o
 .rela.text.fgets_trim_sanitize
                0x0000000000003880        0x0 /usr/lib/gcc/x86_64-pc-linux-gnu/8.1.1/../../../../lib/Scrt1.o
 .rela.text.get_sanitized_hdr
                0x0000000000003880        0x0 /usr/lib/gcc/x86_64-pc-linux-gnu/8.1.1/../../../../lib/Scrt1.o
 .rela.text.progress_meter
                0x0000000000003880        0x0 /usr/lib/gcc/x86_64-pc-linux-gnu/8.1.1/../../../../lib/Scrt1.o
 .rela.text.retrieve_file_data
                0x0000000000003880        0x0 /usr/lib/gcc/x86_64-pc-linux-gnu/8.1.1/../../../../lib/Scrt1.o
 .rela.text.wget_main
                0x0000000000003880        0x0 /usr/lib/gcc/x86_64-pc-linux-gnu/8.1.1/../../../../lib/Scrt1.o
 .rela.text.query
                0x0000000000003880        0x0 /usr/lib/gcc/x86_64-pc-linux-gnu/8.1.1/../../../../lib/Scrt1.o
 .rela.text.whois_main
                0x0000000000003880        0x0 /usr/lib/gcc/x86_64-pc-linux-gnu/8.1.1/../../../../lib/Scrt1.o
 .rela.text.send_arp_request
                0x0000000000003880        0x0 /usr/lib/gcc/x86_64-pc-linux-gnu/8.1.1/../../../../lib/Scrt1.o
 .rela.text.run
                0x0000000000003880        0x0 /usr/lib/gcc/x86_64-pc-linux-gnu/8.1.1/../../../../lib/Scrt1.o
 .rela.text.zcip_main
                0x0000000000003880        0x0 /usr/lib/gcc/x86_64-pc-linux-gnu/8.1.1/../../../../lib/Scrt1.o
 .rela.text.handle_fd_set
                0x0000000000003880        0x0 /usr/lib/gcc/x86_64-pc-linux-gnu/8.1.1/../../../../lib/Scrt1.o
 .rela.text.isrv_run
                0x0000000000003880        0x0 /usr/lib/gcc/x86_64-pc-linux-gnu/8.1.1/../../../../lib/Scrt1.o
 .rela.text.ip_parse_common_args
                0x0000000000003880        0x0 /usr/lib/gcc/x86_64-pc-linux-gnu/8.1.1/../../../../lib/Scrt1.o
 .rela.text.flush_update
                0x0000000000003880        0x0 /usr/lib/gcc/x86_64-pc-linux-gnu/8.1.1/../../../../lib/Scrt1.o
 .rela.text.print_addrinfo
                0x0000000000003880        0x0 /usr/lib/gcc/x86_64-pc-linux-gnu/8.1.1/../../../../lib/Scrt1.o
 .rela.text.print_linkinfo
                0x0000000000003880        0x0 /usr/lib/gcc/x86_64-pc-linux-gnu/8.1.1/../../../../lib/Scrt1.o
 .rela.text.ipaddr_list_or_flush
                0x0000000000003880        0x0 /usr/lib/gcc/x86_64-pc-linux-gnu/8.1.1/../../../../lib/Scrt1.o
 .rela.text.do_ipaddr
                0x0000000000003880        0x0 /usr/lib/gcc/x86_64-pc-linux-gnu/8.1.1/../../../../lib/Scrt1.o
 .rela.text.do_iplink
                0x0000000000003880        0x0 /usr/lib/gcc/x86_64-pc-linux-gnu/8.1.1/../../../../lib/Scrt1.o
 .rela.text.ipneigh_list_or_flush
                0x0000000000003880        0x0 /usr/lib/gcc/x86_64-pc-linux-gnu/8.1.1/../../../../lib/Scrt1.o
 .rela.text.print_neigh
                0x0000000000003880        0x0 /usr/lib/gcc/x86_64-pc-linux-gnu/8.1.1/../../../../lib/Scrt1.o
 .rela.text.do_ipneigh
                0x0000000000003880        0x0 /usr/lib/gcc/x86_64-pc-linux-gnu/8.1.1/../../../../lib/Scrt1.o
 .rela.text.iproute_reset_filter
                0x0000000000003880        0x0 /usr/lib/gcc/x86_64-pc-linux-gnu/8.1.1/../../../../lib/Scrt1.o
 .rela.text.print_route
                0x0000000000003880        0x0 /usr/lib/gcc/x86_64-pc-linux-gnu/8.1.1/../../../../lib/Scrt1.o
 .rela.text.iproute_list_or_flush
                0x0000000000003880        0x0 /usr/lib/gcc/x86_64-pc-linux-gnu/8.1.1/../../../../lib/Scrt1.o
 .rela.text.do_iproute
                0x0000000000003880        0x0 /usr/lib/gcc/x86_64-pc-linux-gnu/8.1.1/../../../../lib/Scrt1.o
 .rela.text.iprule_modify
                0x0000000000003880        0x0 /usr/lib/gcc/x86_64-pc-linux-gnu/8.1.1/../../../../lib/Scrt1.o
 .rela.text.print_rule
                0x0000000000003880        0x0 /usr/lib/gcc/x86_64-pc-linux-gnu/8.1.1/../../../../lib/Scrt1.o
 .rela.text.do_iprule
                0x0000000000003880        0x0 /usr/lib/gcc/x86_64-pc-linux-gnu/8.1.1/../../../../lib/Scrt1.o
 .rela.text.print_tunnel
                0x0000000000003880        0x0 /usr/lib/gcc/x86_64-pc-linux-gnu/8.1.1/../../../../lib/Scrt1.o
 .rela.text.do_iptunnel
                0x0000000000003880        0x0 /usr/lib/gcc/x86_64-pc-linux-gnu/8.1.1/../../../../lib/Scrt1.o
 .rela.text.xrtnl_dump_filter
                0x0000000000003880        0x0 /usr/lib/gcc/x86_64-pc-linux-gnu/8.1.1/../../../../lib/Scrt1.o
 .rela.text.rtnl_talk
                0x0000000000003880        0x0 /usr/lib/gcc/x86_64-pc-linux-gnu/8.1.1/../../../../lib/Scrt1.o
 .rela.text.ll_proto_a2n
                0x0000000000003880        0x0 /usr/lib/gcc/x86_64-pc-linux-gnu/8.1.1/../../../../lib/Scrt1.o
 .rela.text.get_prefix
                0x0000000000003880        0x0 /usr/lib/gcc/x86_64-pc-linux-gnu/8.1.1/../../../../lib/Scrt1.o
 .rela.text.add_d6_client_options
                0x0000000000003880        0x0 /usr/lib/gcc/x86_64-pc-linux-gnu/8.1.1/../../../../lib/Scrt1.o
 .rela.text.init_d6_packet
                0x0000000000003880        0x0 /usr/lib/gcc/x86_64-pc-linux-gnu/8.1.1/../../../../lib/Scrt1.o
 .rela.text.d6_mcast_from_client_config_ifindex
                0x0000000000003880        0x0 /usr/lib/gcc/x86_64-pc-linux-gnu/8.1.1/../../../../lib/Scrt1.o
 .rela.text.send_d6_discover
                0x0000000000003880        0x0 /usr/lib/gcc/x86_64-pc-linux-gnu/8.1.1/../../../../lib/Scrt1.o
 .rela.text.send_d6_select
                0x0000000000003880        0x0 /usr/lib/gcc/x86_64-pc-linux-gnu/8.1.1/../../../../lib/Scrt1.o
 .rela.text.send_d6_renew
                0x0000000000003880        0x0 /usr/lib/gcc/x86_64-pc-linux-gnu/8.1.1/../../../../lib/Scrt1.o
 .rela.text.d6_recv_raw_packet
                0x0000000000003880        0x0 /usr/lib/gcc/x86_64-pc-linux-gnu/8.1.1/../../../../lib/Scrt1.o
 .rela.text.new_env
                0x0000000000003880        0x0 /usr/lib/gcc/x86_64-pc-linux-gnu/8.1.1/../../../../lib/Scrt1.o
 .rela.text.d6_run_script
                0x0000000000003880        0x0 /usr/lib/gcc/x86_64-pc-linux-gnu/8.1.1/../../../../lib/Scrt1.o
 .rela.text.change_listen_mode
                0x0000000000003880        0x0 /usr/lib/gcc/x86_64-pc-linux-gnu/8.1.1/../../../../lib/Scrt1.o
 .rela.text.client_background
                0x0000000000003880        0x0 /usr/lib/gcc/x86_64-pc-linux-gnu/8.1.1/../../../../lib/Scrt1.o
 .rela.text.send_d6_release
                0x0000000000003880        0x0 /usr/lib/gcc/x86_64-pc-linux-gnu/8.1.1/../../../../lib/Scrt1.o
 .rela.text.udhcpc6_main
                0x0000000000003880        0x0 /usr/lib/gcc/x86_64-pc-linux-gnu/8.1.1/../../../../lib/Scrt1.o
 .rela.text.d6_dump_packet
                0x0000000000003880        0x0 /usr/lib/gcc/x86_64-pc-linux-gnu/8.1.1/../../../../lib/Scrt1.o
 .rela.text.d6_recv_kernel_packet
                0x0000000000003880        0x0 /usr/lib/gcc/x86_64-pc-linux-gnu/8.1.1/../../../../lib/Scrt1.o
 .rela.text.d6_read_interface
                0x0000000000003880        0x0 /usr/lib/gcc/x86_64-pc-linux-gnu/8.1.1/../../../../lib/Scrt1.o
 .rela.text.init_packet
                0x0000000000003880        0x0 /usr/lib/gcc/x86_64-pc-linux-gnu/8.1.1/../../../../lib/Scrt1.o
 .rela.text.add_client_options
                0x0000000000003880        0x0 /usr/lib/gcc/x86_64-pc-linux-gnu/8.1.1/../../../../lib/Scrt1.o
 .rela.text.raw_bcast_from_client_config_ifindex
                0x0000000000003880        0x0 /usr/lib/gcc/x86_64-pc-linux-gnu/8.1.1/../../../../lib/Scrt1.o
 .rela.text.udhcp_recv_raw_packet
                0x0000000000003880        0x0 /usr/lib/gcc/x86_64-pc-linux-gnu/8.1.1/../../../../lib/Scrt1.o
 .rela.text.udhcp_run_script
                0x0000000000003880        0x0 /usr/lib/gcc/x86_64-pc-linux-gnu/8.1.1/../../../../lib/Scrt1.o
 .rela.text.udhcpc_main
                0x0000000000003880        0x0 /usr/lib/gcc/x86_64-pc-linux-gnu/8.1.1/../../../../lib/Scrt1.o
 .rela.text.sendto_ip4
                0x0000000000003880        0x0 /usr/lib/gcc/x86_64-pc-linux-gnu/8.1.1/../../../../lib/Scrt1.o
 .rela.text.dhcprelay_main
                0x0000000000003880        0x0 /usr/lib/gcc/x86_64-pc-linux-gnu/8.1.1/../../../../lib/Scrt1.o
 .rela.text.dumpleases_main
                0x0000000000003880        0x0 /usr/lib/gcc/x86_64-pc-linux-gnu/8.1.1/../../../../lib/Scrt1.o
 .rela.text.udhcp_dump_packet
                0x0000000000003880        0x0 /usr/lib/gcc/x86_64-pc-linux-gnu/8.1.1/../../../../lib/Scrt1.o
 .rela.text.udhcp_recv_kernel_packet
                0x0000000000003880        0x0 /usr/lib/gcc/x86_64-pc-linux-gnu/8.1.1/../../../../lib/Scrt1.o
 .rela.text.udhcp_read_interface
                0x0000000000003880        0x0 /usr/lib/gcc/x86_64-pc-linux-gnu/8.1.1/../../../../lib/Scrt1.o
 .rela.text.udhcp_listen_socket
                0x0000000000003880        0x0 /usr/lib/gcc/x86_64-pc-linux-gnu/8.1.1/../../../../lib/Scrt1.o
 .rela.text.arpping
                0x0000000000003880        0x0 /usr/lib/gcc/x86_64-pc-linux-gnu/8.1.1/../../../../lib/Scrt1.o
 .rela.text.log_option
                0x0000000000003880        0x0 /usr/lib/gcc/x86_64-pc-linux-gnu/8.1.1/../../../../lib/Scrt1.o
 .rela.text.udhcp_get_option
                0x0000000000003880        0x0 /usr/lib/gcc/x86_64-pc-linux-gnu/8.1.1/../../../../lib/Scrt1.o
 .rela.text.attach_option
                0x0000000000003880        0x0 /usr/lib/gcc/x86_64-pc-linux-gnu/8.1.1/../../../../lib/Scrt1.o
 .rela.text.udhcp_str2optset
                0x0000000000003880        0x0 /usr/lib/gcc/x86_64-pc-linux-gnu/8.1.1/../../../../lib/Scrt1.o
 .rela.text.lpd_main
                0x0000000000003880        0x0 /usr/lib/gcc/x86_64-pc-linux-gnu/8.1.1/../../../../lib/Scrt1.o
 .rela.text.lpqr_main
                0x0000000000003880        0x0 /usr/lib/gcc/x86_64-pc-linux-gnu/8.1.1/../../../../lib/Scrt1.o
 .rela.text.search_dev_inode
                0x0000000000003880        0x0 /usr/lib/gcc/x86_64-pc-linux-gnu/8.1.1/../../../../lib/Scrt1.o
 .rela.text.add_inode
                0x0000000000003880        0x0 /usr/lib/gcc/x86_64-pc-linux-gnu/8.1.1/../../../../lib/Scrt1.o
 .rela.text.scan_proc_net_or_maps
                0x0000000000003880        0x0 /usr/lib/gcc/x86_64-pc-linux-gnu/8.1.1/../../../../lib/Scrt1.o
 .rela.text.scan_recursive
                0x0000000000003880        0x0 /usr/lib/gcc/x86_64-pc-linux-gnu/8.1.1/../../../../lib/Scrt1.o
 .rela.text.fuser_main
                0x0000000000003880        0x0 /usr/lib/gcc/x86_64-pc-linux-gnu/8.1.1/../../../../lib/Scrt1.o
 .rela.text.iostat_main
                0x0000000000003880        0x0 /usr/lib/gcc/x86_64-pc-linux-gnu/8.1.1/../../../../lib/Scrt1.o
 .rela.text.kill_main
                0x0000000000003880        0x0 /usr/lib/gcc/x86_64-pc-linux-gnu/8.1.1/../../../../lib/Scrt1.o
 .rela.text.is_cpu_in_bitmap
                0x0000000000003880        0x0 /usr/lib/gcc/x86_64-pc-linux-gnu/8.1.1/../../../../lib/Scrt1.o
 .rela.text.print_header
                0x0000000000003880        0x0 /usr/lib/gcc/x86_64-pc-linux-gnu/8.1.1/../../../../lib/Scrt1.o
 .rela.text.get_uptime
                0x0000000000003880        0x0 /usr/lib/gcc/x86_64-pc-linux-gnu/8.1.1/../../../../lib/Scrt1.o
 .rela.text.get_cpu_statistics
                0x0000000000003880        0x0 /usr/lib/gcc/x86_64-pc-linux-gnu/8.1.1/../../../../lib/Scrt1.o
 .rela.text.get_irqs_from_interrupts
                0x0000000000003880        0x0 /usr/lib/gcc/x86_64-pc-linux-gnu/8.1.1/../../../../lib/Scrt1.o
 .rela.text.write_irqcpu_stats
                0x0000000000003880        0x0 /usr/lib/gcc/x86_64-pc-linux-gnu/8.1.1/../../../../lib/Scrt1.o
 .rela.text.write_stats_core
                0x0000000000003880        0x0 /usr/lib/gcc/x86_64-pc-linux-gnu/8.1.1/../../../../lib/Scrt1.o
 .rela.text.write_stats
                0x0000000000003880        0x0 /usr/lib/gcc/x86_64-pc-linux-gnu/8.1.1/../../../../lib/Scrt1.o
 .rela.text.get_irqcpu_nr.constprop.0
                0x0000000000003880        0x0 /usr/lib/gcc/x86_64-pc-linux-gnu/8.1.1/../../../../lib/Scrt1.o
 .rela.text.mpstat_main
                0x0000000000003880        0x0 /usr/lib/gcc/x86_64-pc-linux-gnu/8.1.1/../../../../lib/Scrt1.o
 .rela.text.put
                0x0000000000003880        0x0 /usr/lib/gcc/x86_64-pc-linux-gnu/8.1.1/../../../../lib/Scrt1.o
 .rela.text.put_c
                0x0000000000003880        0x0 /usr/lib/gcc/x86_64-pc-linux-gnu/8.1.1/../../../../lib/Scrt1.o
 .rela.text.init_cr
                0x0000000000003880        0x0 /usr/lib/gcc/x86_64-pc-linux-gnu/8.1.1/../../../../lib/Scrt1.o
 .rela.text.collect_info
                0x0000000000003880        0x0 /usr/lib/gcc/x86_64-pc-linux-gnu/8.1.1/../../../../lib/Scrt1.o
 .rela.text.get_file
                0x0000000000003880        0x0 /usr/lib/gcc/x86_64-pc-linux-gnu/8.1.1/../../../../lib/Scrt1.o
 .rela.text.collect_blk
                0x0000000000003880        0x0 /usr/lib/gcc/x86_64-pc-linux-gnu/8.1.1/../../../../lib/Scrt1.o
 .rela.text.collect_fork
                0x0000000000003880        0x0 /usr/lib/gcc/x86_64-pc-linux-gnu/8.1.1/../../../../lib/Scrt1.o
 .rela.text.collect_ctx
                0x0000000000003880        0x0 /usr/lib/gcc/x86_64-pc-linux-gnu/8.1.1/../../../../lib/Scrt1.o
 .rela.text.collect_int
                0x0000000000003880        0x0 /usr/lib/gcc/x86_64-pc-linux-gnu/8.1.1/../../../../lib/Scrt1.o
 .rela.text.collect_fd
                0x0000000000003880        0x0 /usr/lib/gcc/x86_64-pc-linux-gnu/8.1.1/../../../../lib/Scrt1.o
 .rela.text.collect_swp
                0x0000000000003880        0x0 /usr/lib/gcc/x86_64-pc-linux-gnu/8.1.1/../../../../lib/Scrt1.o
 .rela.text.collect_mem
                0x0000000000003880        0x0 /usr/lib/gcc/x86_64-pc-linux-gnu/8.1.1/../../../../lib/Scrt1.o
 .rela.text.collect_if
                0x0000000000003880        0x0 /usr/lib/gcc/x86_64-pc-linux-gnu/8.1.1/../../../../lib/Scrt1.o
 .rela.text.collect_time
                0x0000000000003880        0x0 /usr/lib/gcc/x86_64-pc-linux-gnu/8.1.1/../../../../lib/Scrt1.o
 .rela.text.collect_cpu
                0x0000000000003880        0x0 /usr/lib/gcc/x86_64-pc-linux-gnu/8.1.1/../../../../lib/Scrt1.o
 .rela.text.collect_thread_nr
                0x0000000000003880        0x0 /usr/lib/gcc/x86_64-pc-linux-gnu/8.1.1/../../../../lib/Scrt1.o
 .rela.text.nmeter_main
                0x0000000000003880        0x0 /usr/lib/gcc/x86_64-pc-linux-gnu/8.1.1/../../../../lib/Scrt1.o
 .rela.text.act
                0x0000000000003880        0x0 /usr/lib/gcc/x86_64-pc-linux-gnu/8.1.1/../../../../lib/Scrt1.o
 .rela.text.pgrep_main
                0x0000000000003880        0x0 /usr/lib/gcc/x86_64-pc-linux-gnu/8.1.1/../../../../lib/Scrt1.o
 .rela.text.pidof_main
                0x0000000000003880        0x0 /usr/lib/gcc/x86_64-pc-linux-gnu/8.1.1/../../../../lib/Scrt1.o
 .rela.text.pmap_main
                0x0000000000003880        0x0 /usr/lib/gcc/x86_64-pc-linux-gnu/8.1.1/../../../../lib/Scrt1.o
 .rela.text.reset_term
                0x0000000000003880        0x0 /usr/lib/gcc/x86_64-pc-linux-gnu/8.1.1/../../../../lib/Scrt1.o
 .rela.text.clear_lines
                0x0000000000003880        0x0 /usr/lib/gcc/x86_64-pc-linux-gnu/8.1.1/../../../../lib/Scrt1.o
 .rela.text.save_line
                0x0000000000003880        0x0 /usr/lib/gcc/x86_64-pc-linux-gnu/8.1.1/../../../../lib/Scrt1.o
 .rela.text.process_irq_counts
                0x0000000000003880        0x0 /usr/lib/gcc/x86_64-pc-linux-gnu/8.1.1/../../../../lib/Scrt1.o
 .rela.text.process_timer_stats
                0x0000000000003880        0x0 /usr/lib/gcc/x86_64-pc-linux-gnu/8.1.1/../../../../lib/Scrt1.o
 .rela.text.read_cstate_counts
                0x0000000000003880        0x0 /usr/lib/gcc/x86_64-pc-linux-gnu/8.1.1/../../../../lib/Scrt1.o
 .rela.text.powertop_main
                0x0000000000003880        0x0 /usr/lib/gcc/x86_64-pc-linux-gnu/8.1.1/../../../../lib/Scrt1.o
 .rela.text.new_out_t
                0x0000000000003880        0x0 /usr/lib/gcc/x86_64-pc-linux-gnu/8.1.1/../../../../lib/Scrt1.o
 .rela.text.parse_o
                0x0000000000003880        0x0 /usr/lib/gcc/x86_64-pc-linux-gnu/8.1.1/../../../../lib/Scrt1.o
 .rela.text.func_etime
                0x0000000000003880        0x0 /usr/lib/gcc/x86_64-pc-linux-gnu/8.1.1/../../../../lib/Scrt1.o
 .rela.text.ps_main
                0x0000000000003880        0x0 /usr/lib/gcc/x86_64-pc-linux-gnu/8.1.1/../../../../lib/Scrt1.o
 .rela.text.find_proc
                0x0000000000003880        0x0 /usr/lib/gcc/x86_64-pc-linux-gnu/8.1.1/../../../../lib/Scrt1.o
 .rela.text.tree_equal
                0x0000000000003880        0x0 /usr/lib/gcc/x86_64-pc-linux-gnu/8.1.1/../../../../lib/Scrt1.o
 .rela.text.out_char
                0x0000000000003880        0x0 /usr/lib/gcc/x86_64-pc-linux-gnu/8.1.1/../../../../lib/Scrt1.o
 .rela.text.add_proc
                0x0000000000003880        0x0 /usr/lib/gcc/x86_64-pc-linux-gnu/8.1.1/../../../../lib/Scrt1.o
 .rela.text.dump_tree
                0x0000000000003880        0x0 /usr/lib/gcc/x86_64-pc-linux-gnu/8.1.1/../../../../lib/Scrt1.o
 .rela.text.dump_by_user
                0x0000000000003880        0x0 /usr/lib/gcc/x86_64-pc-linux-gnu/8.1.1/../../../../lib/Scrt1.o
 .rela.text.pstree_main
                0x0000000000003880        0x0 /usr/lib/gcc/x86_64-pc-linux-gnu/8.1.1/../../../../lib/Scrt1.o
 .rela.text.pwdx_main
                0x0000000000003880        0x0 /usr/lib/gcc/x86_64-pc-linux-gnu/8.1.1/../../../../lib/Scrt1.o
 .rela.text.sysctl_act_on_setting
                0x0000000000003880        0x0 /usr/lib/gcc/x86_64-pc-linux-gnu/8.1.1/../../../../lib/Scrt1.o
 .rela.text.sysctl_act_recursive
                0x0000000000003880        0x0 /usr/lib/gcc/x86_64-pc-linux-gnu/8.1.1/../../../../lib/Scrt1.o
 .rela.text.sysctl_main
                0x0000000000003880        0x0 /usr/lib/gcc/x86_64-pc-linux-gnu/8.1.1/../../../../lib/Scrt1.o
 .rela.text.mult_lvl_cmp
                0x0000000000003880        0x0 /usr/lib/gcc/x86_64-pc-linux-gnu/8.1.1/../../../../lib/Scrt1.o
 .rela.text.topmem_sort
                0x0000000000003880        0x0 /usr/lib/gcc/x86_64-pc-linux-gnu/8.1.1/../../../../lib/Scrt1.o
 .rela.text.read_cpu_jiffy
                0x0000000000003880        0x0 /usr/lib/gcc/x86_64-pc-linux-gnu/8.1.1/../../../../lib/Scrt1.o
 .rela.text.get_jiffy_counts
                0x0000000000003880        0x0 /usr/lib/gcc/x86_64-pc-linux-gnu/8.1.1/../../../../lib/Scrt1.o
 .rela.text.do_stats
                0x0000000000003880        0x0 /usr/lib/gcc/x86_64-pc-linux-gnu/8.1.1/../../../../lib/Scrt1.o
 .rela.text.display_topmem_process_list
                0x0000000000003880        0x0 /usr/lib/gcc/x86_64-pc-linux-gnu/8.1.1/../../../../lib/Scrt1.o
 .rela.text.display_process_list
                0x0000000000003880        0x0 /usr/lib/gcc/x86_64-pc-linux-gnu/8.1.1/../../../../lib/Scrt1.o
 .rela.text.handle_input
                0x0000000000003880        0x0 /usr/lib/gcc/x86_64-pc-linux-gnu/8.1.1/../../../../lib/Scrt1.o
 .rela.text.clearmems
                0x0000000000003880        0x0 /usr/lib/gcc/x86_64-pc-linux-gnu/8.1.1/../../../../lib/Scrt1.o
 .rela.text.top_main
                0x0000000000003880        0x0 /usr/lib/gcc/x86_64-pc-linux-gnu/8.1.1/../../../../lib/Scrt1.o
 .rela.text.watch_main
                0x0000000000003880        0x0 /usr/lib/gcc/x86_64-pc-linux-gnu/8.1.1/../../../../lib/Scrt1.o
 .rela.text.edir
                0x0000000000003880        0x0 /usr/lib/gcc/x86_64-pc-linux-gnu/8.1.1/../../../../lib/Scrt1.o
 .rela.text.chpst_main
                0x0000000000003880        0x0 /usr/lib/gcc/x86_64-pc-linux-gnu/8.1.1/../../../../lib/Scrt1.o
 .rela.text.s_term
                0x0000000000003880        0x0 /usr/lib/gcc/x86_64-pc-linux-gnu/8.1.1/../../../../lib/Scrt1.o
 .rela.text.s_child
                0x0000000000003880        0x0 /usr/lib/gcc/x86_64-pc-linux-gnu/8.1.1/../../../../lib/Scrt1.o
 .rela.text.warn2_cannot
                0x0000000000003880        0x0 /usr/lib/gcc/x86_64-pc-linux-gnu/8.1.1/../../../../lib/Scrt1.o
 .rela.text.open_trunc_or_warn
                0x0000000000003880        0x0 /usr/lib/gcc/x86_64-pc-linux-gnu/8.1.1/../../../../lib/Scrt1.o
 .rela.text.fatal2_cannot
                0x0000000000003880        0x0 /usr/lib/gcc/x86_64-pc-linux-gnu/8.1.1/../../../../lib/Scrt1.o
 .rela.text.custom
                0x0000000000003880        0x0 /usr/lib/gcc/x86_64-pc-linux-gnu/8.1.1/../../../../lib/Scrt1.o
 .rela.text.update_status
                0x0000000000003880        0x0 /usr/lib/gcc/x86_64-pc-linux-gnu/8.1.1/../../../../lib/Scrt1.o
 .rela.text.open_control
                0x0000000000003880        0x0 /usr/lib/gcc/x86_64-pc-linux-gnu/8.1.1/../../../../lib/Scrt1.o
 .rela.text.startservice
                0x0000000000003880        0x0 /usr/lib/gcc/x86_64-pc-linux-gnu/8.1.1/../../../../lib/Scrt1.o
 .rela.text.runsv_main
                0x0000000000003880        0x0 /usr/lib/gcc/x86_64-pc-linux-gnu/8.1.1/../../../../lib/Scrt1.o
 .rela.text.warnx
                0x0000000000003880        0x0 /usr/lib/gcc/x86_64-pc-linux-gnu/8.1.1/../../../../lib/Scrt1.o
 .rela.text.runsv
                0x0000000000003880        0x0 /usr/lib/gcc/x86_64-pc-linux-gnu/8.1.1/../../../../lib/Scrt1.o
 .rela.text.do_rescan
                0x0000000000003880        0x0 /usr/lib/gcc/x86_64-pc-linux-gnu/8.1.1/../../../../lib/Scrt1.o
 .rela.text.runsvdir_main
                0x0000000000003880        0x0 /usr/lib/gcc/x86_64-pc-linux-gnu/8.1.1/../../../../lib/Scrt1.o
 .rela.text.out
                0x0000000000003880        0x0 /usr/lib/gcc/x86_64-pc-linux-gnu/8.1.1/../../../../lib/Scrt1.o
 .rela.text.warn
                0x0000000000003880        0x0 /usr/lib/gcc/x86_64-pc-linux-gnu/8.1.1/../../../../lib/Scrt1.o
 .rela.text.fail
                0x0000000000003880        0x0 /usr/lib/gcc/x86_64-pc-linux-gnu/8.1.1/../../../../lib/Scrt1.o
 .rela.text.checkscript
                0x0000000000003880        0x0 /usr/lib/gcc/x86_64-pc-linux-gnu/8.1.1/../../../../lib/Scrt1.o
 .rela.text.svstatus_print
                0x0000000000003880        0x0 /usr/lib/gcc/x86_64-pc-linux-gnu/8.1.1/../../../../lib/Scrt1.o
 .rela.text.svstatus_get
                0x0000000000003880        0x0 /usr/lib/gcc/x86_64-pc-linux-gnu/8.1.1/../../../../lib/Scrt1.o
 .rela.text.status
                0x0000000000003880        0x0 /usr/lib/gcc/x86_64-pc-linux-gnu/8.1.1/../../../../lib/Scrt1.o
 .rela.text.check
                0x0000000000003880        0x0 /usr/lib/gcc/x86_64-pc-linux-gnu/8.1.1/../../../../lib/Scrt1.o
 .rela.text.control
                0x0000000000003880        0x0 /usr/lib/gcc/x86_64-pc-linux-gnu/8.1.1/../../../../lib/Scrt1.o
 .rela.text.sv  0x0000000000003880        0x0 /usr/lib/gcc/x86_64-pc-linux-gnu/8.1.1/../../../../lib/Scrt1.o
 .rela.text.svc_main
                0x0000000000003880        0x0 /usr/lib/gcc/x86_64-pc-linux-gnu/8.1.1/../../../../lib/Scrt1.o
 .rela.text.svok_main
                0x0000000000003880        0x0 /usr/lib/gcc/x86_64-pc-linux-gnu/8.1.1/../../../../lib/Scrt1.o
 .rela.text.sig_hangup_handler
                0x0000000000003880        0x0 /usr/lib/gcc/x86_64-pc-linux-gnu/8.1.1/../../../../lib/Scrt1.o
 .rela.text.sig_alarm_handler
                0x0000000000003880        0x0 /usr/lib/gcc/x86_64-pc-linux-gnu/8.1.1/../../../../lib/Scrt1.o
 .rela.text.rmoldest
                0x0000000000003880        0x0 /usr/lib/gcc/x86_64-pc-linux-gnu/8.1.1/../../../../lib/Scrt1.o
 .rela.text.logdir_close
                0x0000000000003880        0x0 /usr/lib/gcc/x86_64-pc-linux-gnu/8.1.1/../../../../lib/Scrt1.o
 .rela.text.processorstart
                0x0000000000003880        0x0 /usr/lib/gcc/x86_64-pc-linux-gnu/8.1.1/../../../../lib/Scrt1.o
 .rela.text.pmatch.constprop.1
                0x0000000000003880        0x0 /usr/lib/gcc/x86_64-pc-linux-gnu/8.1.1/../../../../lib/Scrt1.o
 .rela.text.logdir_open
                0x0000000000003880        0x0 /usr/lib/gcc/x86_64-pc-linux-gnu/8.1.1/../../../../lib/Scrt1.o
 .rela.text.logdirs_reopen
                0x0000000000003880        0x0 /usr/lib/gcc/x86_64-pc-linux-gnu/8.1.1/../../../../lib/Scrt1.o
 .rela.text.processorstop
                0x0000000000003880        0x0 /usr/lib/gcc/x86_64-pc-linux-gnu/8.1.1/../../../../lib/Scrt1.o
 .rela.text.rotate
                0x0000000000003880        0x0 /usr/lib/gcc/x86_64-pc-linux-gnu/8.1.1/../../../../lib/Scrt1.o
 .rela.text.buffer_pread
                0x0000000000003880        0x0 /usr/lib/gcc/x86_64-pc-linux-gnu/8.1.1/../../../../lib/Scrt1.o
 .rela.text.buffer_pwrite
                0x0000000000003880        0x0 /usr/lib/gcc/x86_64-pc-linux-gnu/8.1.1/../../../../lib/Scrt1.o
 .rela.text.svlogd_main
                0x0000000000003880        0x0 /usr/lib/gcc/x86_64-pc-linux-gnu/8.1.1/../../../../lib/Scrt1.o
 .rela.text.klogd_main
                0x0000000000003880        0x0 /usr/lib/gcc/x86_64-pc-linux-gnu/8.1.1/../../../../lib/Scrt1.o
 .rela.text.sem_up
                0x0000000000003880        0x0 /usr/lib/gcc/x86_64-pc-linux-gnu/8.1.1/../../../../lib/Scrt1.o
 .rela.text.logread_main
                0x0000000000003880        0x0 /usr/lib/gcc/x86_64-pc-linux-gnu/8.1.1/../../../../lib/Scrt1.o
 .rela.text.log_locally
                0x0000000000003880        0x0 /usr/lib/gcc/x86_64-pc-linux-gnu/8.1.1/../../../../lib/Scrt1.o
 .rela.text.timestamp_and_log
                0x0000000000003880        0x0 /usr/lib/gcc/x86_64-pc-linux-gnu/8.1.1/../../../../lib/Scrt1.o
 .rela.text.timestamp_and_log_internal
                0x0000000000003880        0x0 /usr/lib/gcc/x86_64-pc-linux-gnu/8.1.1/../../../../lib/Scrt1.o
 .rela.text.syslogd_main
                0x0000000000003880        0x0 /usr/lib/gcc/x86_64-pc-linux-gnu/8.1.1/../../../../lib/Scrt1.o
 .rela.text.logger_main
                0x0000000000003880        0x0 /usr/lib/gcc/x86_64-pc-linux-gnu/8.1.1/../../../../lib/Scrt1.o
 .rela.text.find_action
                0x0000000000003880        0x0 /usr/lib/gcc/x86_64-pc-linux-gnu/8.1.1/../../../../lib/Scrt1.o
 .rela.text.acpid_main
                0x0000000000003880        0x0 /usr/lib/gcc/x86_64-pc-linux-gnu/8.1.1/../../../../lib/Scrt1.o
 .rela.text.blkdiscard_main
                0x0000000000003880        0x0 /usr/lib/gcc/x86_64-pc-linux-gnu/8.1.1/../../../../lib/Scrt1.o
 .rela.text.day_array
                0x0000000000003880        0x0 /usr/lib/gcc/x86_64-pc-linux-gnu/8.1.1/../../../../lib/Scrt1.o
 .rela.text.build_row
                0x0000000000003880        0x0 /usr/lib/gcc/x86_64-pc-linux-gnu/8.1.1/../../../../lib/Scrt1.o
 .rela.text.cal_main
                0x0000000000003880        0x0 /usr/lib/gcc/x86_64-pc-linux-gnu/8.1.1/../../../../lib/Scrt1.o
 .rela.text.chrt_main
                0x0000000000003880        0x0 /usr/lib/gcc/x86_64-pc-linux-gnu/8.1.1/../../../../lib/Scrt1.o
 .rela.text.eject_main
                0x0000000000003880        0x0 /usr/lib/gcc/x86_64-pc-linux-gnu/8.1.1/../../../../lib/Scrt1.o
 .rela.text.fallocate_main
                0x0000000000003880        0x0 /usr/lib/gcc/x86_64-pc-linux-gnu/8.1.1/../../../../lib/Scrt1.o
 .rela.text.fdformat_main
                0x0000000000003880        0x0 /usr/lib/gcc/x86_64-pc-linux-gnu/8.1.1/../../../../lib/Scrt1.o
 .rela.text.set_hsc_start_end
                0x0000000000003880        0x0 /usr/lib/gcc/x86_64-pc-linux-gnu/8.1.1/../../../../lib/Scrt1.o
 .rela.text.update_units
                0x0000000000003880        0x0 /usr/lib/gcc/x86_64-pc-linux-gnu/8.1.1/../../../../lib/Scrt1.o
 .rela.text.wrong_p_order
                0x0000000000003880        0x0 /usr/lib/gcc/x86_64-pc-linux-gnu/8.1.1/../../../../lib/Scrt1.o
 .rela.text.fill_bounds
                0x0000000000003880        0x0 /usr/lib/gcc/x86_64-pc-linux-gnu/8.1.1/../../../../lib/Scrt1.o
 .rela.text.list_disk_geometry
                0x0000000000003880        0x0 /usr/lib/gcc/x86_64-pc-linux-gnu/8.1.1/../../../../lib/Scrt1.o
 .rela.text.warn_cylinders
                0x0000000000003880        0x0 /usr/lib/gcc/x86_64-pc-linux-gnu/8.1.1/../../../../lib/Scrt1.o
 .rela.text.fdisk_fatal
                0x0000000000003880        0x0 /usr/lib/gcc/x86_64-pc-linux-gnu/8.1.1/../../../../lib/Scrt1.o
 .rela.text.seek_sector
                0x0000000000003880        0x0 /usr/lib/gcc/x86_64-pc-linux-gnu/8.1.1/../../../../lib/Scrt1.o
 .rela.text.read_pte
                0x0000000000003880        0x0 /usr/lib/gcc/x86_64-pc-linux-gnu/8.1.1/../../../../lib/Scrt1.o
 .rela.text.xbsd_print_disklabel
                0x0000000000003880        0x0 /usr/lib/gcc/x86_64-pc-linux-gnu/8.1.1/../../../../lib/Scrt1.o
 .rela.text.warn_geometry
                0x0000000000003880        0x0 /usr/lib/gcc/x86_64-pc-linux-gnu/8.1.1/../../../../lib/Scrt1.o
 .rela.text.menu
                0x0000000000003880        0x0 /usr/lib/gcc/x86_64-pc-linux-gnu/8.1.1/../../../../lib/Scrt1.o
 .rela.text.delete_partition
                0x0000000000003880        0x0 /usr/lib/gcc/x86_64-pc-linux-gnu/8.1.1/../../../../lib/Scrt1.o
 .rela.text.read_line
                0x0000000000003880        0x0 /usr/lib/gcc/x86_64-pc-linux-gnu/8.1.1/../../../../lib/Scrt1.o
 .rela.text.read_nonempty
                0x0000000000003880        0x0 /usr/lib/gcc/x86_64-pc-linux-gnu/8.1.1/../../../../lib/Scrt1.o
 .rela.text.edit_int
                0x0000000000003880        0x0 /usr/lib/gcc/x86_64-pc-linux-gnu/8.1.1/../../../../lib/Scrt1.o
 .rela.text.xbsd_write_bootstrap
                0x0000000000003880        0x0 /usr/lib/gcc/x86_64-pc-linux-gnu/8.1.1/../../../../lib/Scrt1.o
 .rela.text.read_hex
                0x0000000000003880        0x0 /usr/lib/gcc/x86_64-pc-linux-gnu/8.1.1/../../../../lib/Scrt1.o
 .rela.text.write_table
                0x0000000000003880        0x0 /usr/lib/gcc/x86_64-pc-linux-gnu/8.1.1/../../../../lib/Scrt1.o
 .rela.text.gpt_print_wide36
                0x0000000000003880        0x0 /usr/lib/gcc/x86_64-pc-linux-gnu/8.1.1/../../../../lib/Scrt1.o
 .rela.text.read_int
                0x0000000000003880        0x0 /usr/lib/gcc/x86_64-pc-linux-gnu/8.1.1/../../../../lib/Scrt1.o
 .rela.text.get_partition
                0x0000000000003880        0x0 /usr/lib/gcc/x86_64-pc-linux-gnu/8.1.1/../../../../lib/Scrt1.o
 .rela.text.get_existing_partition
                0x0000000000003880        0x0 /usr/lib/gcc/x86_64-pc-linux-gnu/8.1.1/../../../../lib/Scrt1.o
 .rela.text.get_nonexisting_partition.constprop.2
                0x0000000000003880        0x0 /usr/lib/gcc/x86_64-pc-linux-gnu/8.1.1/../../../../lib/Scrt1.o
 .rela.text.get_geometry
                0x0000000000003880        0x0 /usr/lib/gcc/x86_64-pc-linux-gnu/8.1.1/../../../../lib/Scrt1.o
 .rela.text.check_consistency
                0x0000000000003880        0x0 /usr/lib/gcc/x86_64-pc-linux-gnu/8.1.1/../../../../lib/Scrt1.o
 .rela.text.x_list_table
                0x0000000000003880        0x0 /usr/lib/gcc/x86_64-pc-linux-gnu/8.1.1/../../../../lib/Scrt1.o
 .rela.text.verify
                0x0000000000003880        0x0 /usr/lib/gcc/x86_64-pc-linux-gnu/8.1.1/../../../../lib/Scrt1.o
 .rela.text.list_table.constprop.1
                0x0000000000003880        0x0 /usr/lib/gcc/x86_64-pc-linux-gnu/8.1.1/../../../../lib/Scrt1.o
 .rela.text.get_boot
                0x0000000000003880        0x0 /usr/lib/gcc/x86_64-pc-linux-gnu/8.1.1/../../../../lib/Scrt1.o
 .rela.text.create_doslabel
                0x0000000000003880        0x0 /usr/lib/gcc/x86_64-pc-linux-gnu/8.1.1/../../../../lib/Scrt1.o
 .rela.text.open_list_and_close
                0x0000000000003880        0x0 /usr/lib/gcc/x86_64-pc-linux-gnu/8.1.1/../../../../lib/Scrt1.o
 .rela.text.add_partition
                0x0000000000003880        0x0 /usr/lib/gcc/x86_64-pc-linux-gnu/8.1.1/../../../../lib/Scrt1.o
 .rela.text.add_logical
                0x0000000000003880        0x0 /usr/lib/gcc/x86_64-pc-linux-gnu/8.1.1/../../../../lib/Scrt1.o
 .rela.text.xbsd_new_part
                0x0000000000003880        0x0 /usr/lib/gcc/x86_64-pc-linux-gnu/8.1.1/../../../../lib/Scrt1.o
 .rela.text.change_units
                0x0000000000003880        0x0 /usr/lib/gcc/x86_64-pc-linux-gnu/8.1.1/../../../../lib/Scrt1.o
 .rela.text.bsd_select
                0x0000000000003880        0x0 /usr/lib/gcc/x86_64-pc-linux-gnu/8.1.1/../../../../lib/Scrt1.o
 .rela.text.fdisk_main
                0x0000000000003880        0x0 /usr/lib/gcc/x86_64-pc-linux-gnu/8.1.1/../../../../lib/Scrt1.o
 .rela.text.flock_main
                0x0000000000003880        0x0 /usr/lib/gcc/x86_64-pc-linux-gnu/8.1.1/../../../../lib/Scrt1.o
 .rela.text.freeramdisk_main
                0x0000000000003880        0x0 /usr/lib/gcc/x86_64-pc-linux-gnu/8.1.1/../../../../lib/Scrt1.o
 .rela.text.minix_setbit
                0x0000000000003880        0x0 /usr/lib/gcc/x86_64-pc-linux-gnu/8.1.1/../../../../lib/Scrt1.o
 .rela.text.minix_clrbit
                0x0000000000003880        0x0 /usr/lib/gcc/x86_64-pc-linux-gnu/8.1.1/../../../../lib/Scrt1.o
 .rela.text.pop_filename
                0x0000000000003880        0x0 /usr/lib/gcc/x86_64-pc-linux-gnu/8.1.1/../../../../lib/Scrt1.o
 .rela.text.ask
                0x0000000000003880        0x0 /usr/lib/gcc/x86_64-pc-linux-gnu/8.1.1/../../../../lib/Scrt1.o
 .rela.text.check_zone_nr
                0x0000000000003880        0x0 /usr/lib/gcc/x86_64-pc-linux-gnu/8.1.1/../../../../lib/Scrt1.o
 .rela.text.add_zone
                0x0000000000003880        0x0 /usr/lib/gcc/x86_64-pc-linux-gnu/8.1.1/../../../../lib/Scrt1.o
 .rela.text.die
                0x0000000000003880        0x0 /usr/lib/gcc/x86_64-pc-linux-gnu/8.1.1/../../../../lib/Scrt1.o
 .rela.text.read_block
                0x0000000000003880        0x0 /usr/lib/gcc/x86_64-pc-linux-gnu/8.1.1/../../../../lib/Scrt1.o
 .rela.text.get_dirsize
                0x0000000000003880        0x0 /usr/lib/gcc/x86_64-pc-linux-gnu/8.1.1/../../../../lib/Scrt1.o
 .rela.text.write_block
                0x0000000000003880        0x0 /usr/lib/gcc/x86_64-pc-linux-gnu/8.1.1/../../../../lib/Scrt1.o
 .rela.text.add_zone_ind
                0x0000000000003880        0x0 /usr/lib/gcc/x86_64-pc-linux-gnu/8.1.1/../../../../lib/Scrt1.o
 .rela.text.check_zones
                0x0000000000003880        0x0 /usr/lib/gcc/x86_64-pc-linux-gnu/8.1.1/../../../../lib/Scrt1.o
 .rela.text.map_block
                0x0000000000003880        0x0 /usr/lib/gcc/x86_64-pc-linux-gnu/8.1.1/../../../../lib/Scrt1.o
 .rela.text.write_superblock
                0x0000000000003880        0x0 /usr/lib/gcc/x86_64-pc-linux-gnu/8.1.1/../../../../lib/Scrt1.o
 .rela.text.push_filename
                0x0000000000003880        0x0 /usr/lib/gcc/x86_64-pc-linux-gnu/8.1.1/../../../../lib/Scrt1.o
 .rela.text.recursive_check
                0x0000000000003880        0x0 /usr/lib/gcc/x86_64-pc-linux-gnu/8.1.1/../../../../lib/Scrt1.o
 .rela.text.fsck_minix_main
                0x0000000000003880        0x0 /usr/lib/gcc/x86_64-pc-linux-gnu/8.1.1/../../../../lib/Scrt1.o
 .rela.text.fsfreeze_main
                0x0000000000003880        0x0 /usr/lib/gcc/x86_64-pc-linux-gnu/8.1.1/../../../../lib/Scrt1.o
 .rela.text.fstrim_main
                0x0000000000003880        0x0 /usr/lib/gcc/x86_64-pc-linux-gnu/8.1.1/../../../../lib/Scrt1.o
 .rela.text.normalize
                0x0000000000003880        0x0 /usr/lib/gcc/x86_64-pc-linux-gnu/8.1.1/../../../../lib/Scrt1.o
 .rela.text.generate_output
                0x0000000000003880        0x0 /usr/lib/gcc/x86_64-pc-linux-gnu/8.1.1/../../../../lib/Scrt1.o
 .rela.text.getopt_main
                0x0000000000003880        0x0 /usr/lib/gcc/x86_64-pc-linux-gnu/8.1.1/../../../../lib/Scrt1.o
 .rela.text.hexdump_main
                0x0000000000003880        0x0 /usr/lib/gcc/x86_64-pc-linux-gnu/8.1.1/../../../../lib/Scrt1.o
 .rela.text.xxd_main
                0x0000000000003880        0x0 /usr/lib/gcc/x86_64-pc-linux-gnu/8.1.1/../../../../lib/Scrt1.o
 .rela.text.hwclock_main
                0x0000000000003880        0x0 /usr/lib/gcc/x86_64-pc-linux-gnu/8.1.1/../../../../lib/Scrt1.o
 .rela.text.ionice_main
                0x0000000000003880        0x0 /usr/lib/gcc/x86_64-pc-linux-gnu/8.1.1/../../../../lib/Scrt1.o
 .rela.text.ipcrm_main
                0x0000000000003880        0x0 /usr/lib/gcc/x86_64-pc-linux-gnu/8.1.1/../../../../lib/Scrt1.o
 .rela.text.show_entry
                0x0000000000003880        0x0 /usr/lib/gcc/x86_64-pc-linux-gnu/8.1.1/../../../../lib/Scrt1.o
 .rela.text.last_main
                0x0000000000003880        0x0 /usr/lib/gcc/x86_64-pc-linux-gnu/8.1.1/../../../../lib/Scrt1.o
 .rela.text.losetup_main
                0x0000000000003880        0x0 /usr/lib/gcc/x86_64-pc-linux-gnu/8.1.1/../../../../lib/Scrt1.o
 .rela.text.make_default_cur_rule
                0x0000000000003880        0x0 /usr/lib/gcc/x86_64-pc-linux-gnu/8.1.1/../../../../lib/Scrt1.o
 .rela.text.clean_up_cur_rule
                0x0000000000003880        0x0 /usr/lib/gcc/x86_64-pc-linux-gnu/8.1.1/../../../../lib/Scrt1.o
 .rela.text.make_device
                0x0000000000003880        0x0 /usr/lib/gcc/x86_64-pc-linux-gnu/8.1.1/../../../../lib/Scrt1.o
 .rela.text.curtime
                0x0000000000003880        0x0 /usr/lib/gcc/x86_64-pc-linux-gnu/8.1.1/../../../../lib/Scrt1.o
 .rela.text.mdev_main
                0x0000000000003880        0x0 /usr/lib/gcc/x86_64-pc-linux-gnu/8.1.1/../../../../lib/Scrt1.o
 .rela.text.mkfs_ext2_main
                0x0000000000003880        0x0 /usr/lib/gcc/x86_64-pc-linux-gnu/8.1.1/../../../../lib/Scrt1.o
 .rela.text.mkfs_vfat_main
                0x0000000000003880        0x0 /usr/lib/gcc/x86_64-pc-linux-gnu/8.1.1/../../../../lib/Scrt1.o
 .rela.text.mkswap_main
                0x0000000000003880        0x0 /usr/lib/gcc/x86_64-pc-linux-gnu/8.1.1/../../../../lib/Scrt1.o
 .rela.text.get_wh
                0x0000000000003880        0x0 /usr/lib/gcc/x86_64-pc-linux-gnu/8.1.1/../../../../lib/Scrt1.o
 .rela.text.gotsig
                0x0000000000003880        0x0 /usr/lib/gcc/x86_64-pc-linux-gnu/8.1.1/../../../../lib/Scrt1.o
 .rela.text.more_main
                0x0000000000003880        0x0 /usr/lib/gcc/x86_64-pc-linux-gnu/8.1.1/../../../../lib/Scrt1.o
 .rela.text.verbose_mount
                0x0000000000003880        0x0 /usr/lib/gcc/x86_64-pc-linux-gnu/8.1.1/../../../../lib/Scrt1.o
 .rela.text.mount_it_now
                0x0000000000003880        0x0 /usr/lib/gcc/x86_64-pc-linux-gnu/8.1.1/../../../../lib/Scrt1.o
 .rela.text.singlemount
                0x0000000000003880        0x0 /usr/lib/gcc/x86_64-pc-linux-gnu/8.1.1/../../../../lib/Scrt1.o
 .rela.text.mount_main
                0x0000000000003880        0x0 /usr/lib/gcc/x86_64-pc-linux-gnu/8.1.1/../../../../lib/Scrt1.o
 .rela.text.mountpoint_main
                0x0000000000003880        0x0 /usr/lib/gcc/x86_64-pc-linux-gnu/8.1.1/../../../../lib/Scrt1.o
 .rela.text.nsenter_main
                0x0000000000003880        0x0 /usr/lib/gcc/x86_64-pc-linux-gnu/8.1.1/../../../../lib/Scrt1.o
 .rela.text.rdate_main
                0x0000000000003880        0x0 /usr/lib/gcc/x86_64-pc-linux-gnu/8.1.1/../../../../lib/Scrt1.o
 .rela.text.renice_main
                0x0000000000003880        0x0 /usr/lib/gcc/x86_64-pc-linux-gnu/8.1.1/../../../../lib/Scrt1.o
 .rela.text.rev_main
                0x0000000000003880        0x0 /usr/lib/gcc/x86_64-pc-linux-gnu/8.1.1/../../../../lib/Scrt1.o
 .rela.text.script_main
                0x0000000000003880        0x0 /usr/lib/gcc/x86_64-pc-linux-gnu/8.1.1/../../../../lib/Scrt1.o
 .rela.text.setarch_main
                0x0000000000003880        0x0 /usr/lib/gcc/x86_64-pc-linux-gnu/8.1.1/../../../../lib/Scrt1.o
 .rela.text.setpriv_main
                0x0000000000003880        0x0 /usr/lib/gcc/x86_64-pc-linux-gnu/8.1.1/../../../../lib/Scrt1.o
 .rela.text.setsid_main
                0x0000000000003880        0x0 /usr/lib/gcc/x86_64-pc-linux-gnu/8.1.1/../../../../lib/Scrt1.o
 .rela.text.set_discard_flag
                0x0000000000003880        0x0 /usr/lib/gcc/x86_64-pc-linux-gnu/8.1.1/../../../../lib/Scrt1.o
 .rela.text.set_priority_flag
                0x0000000000003880        0x0 /usr/lib/gcc/x86_64-pc-linux-gnu/8.1.1/../../../../lib/Scrt1.o
 .rela.text.swap_enable_disable
                0x0000000000003880        0x0 /usr/lib/gcc/x86_64-pc-linux-gnu/8.1.1/../../../../lib/Scrt1.o
 .rela.text.swap_on_off_main
                0x0000000000003880        0x0 /usr/lib/gcc/x86_64-pc-linux-gnu/8.1.1/../../../../lib/Scrt1.o
 .rela.text.switch_root_main
                0x0000000000003880        0x0 /usr/lib/gcc/x86_64-pc-linux-gnu/8.1.1/../../../../lib/Scrt1.o
 .rela.text.taskset_main
                0x0000000000003880        0x0 /usr/lib/gcc/x86_64-pc-linux-gnu/8.1.1/../../../../lib/Scrt1.o
 .rela.text.uevent_main
                0x0000000000003880        0x0 /usr/lib/gcc/x86_64-pc-linux-gnu/8.1.1/../../../../lib/Scrt1.o
 .rela.text.umount_main
                0x0000000000003880        0x0 /usr/lib/gcc/x86_64-pc-linux-gnu/8.1.1/../../../../lib/Scrt1.o
 .rela.text.unshare_main
                0x0000000000003880        0x0 /usr/lib/gcc/x86_64-pc-linux-gnu/8.1.1/../../../../lib/Scrt1.o
 .rela.text.bbunpack
                0x0000000000003880        0x0 /usr/lib/gcc/x86_64-pc-linux-gnu/8.1.1/../../../../lib/Scrt1.o
 .rela.text.gunzip_main
                0x0000000000003880        0x0 /usr/lib/gcc/x86_64-pc-linux-gnu/8.1.1/../../../../lib/Scrt1.o
 .rela.text.bunzip2_main
                0x0000000000003880        0x0 /usr/lib/gcc/x86_64-pc-linux-gnu/8.1.1/../../../../lib/Scrt1.o
 .rela.text.unlzma_main
                0x0000000000003880        0x0 /usr/lib/gcc/x86_64-pc-linux-gnu/8.1.1/../../../../lib/Scrt1.o
 .rela.text.unxz_main
                0x0000000000003880        0x0 /usr/lib/gcc/x86_64-pc-linux-gnu/8.1.1/../../../../lib/Scrt1.o
 .rela.text.compressStream
                0x0000000000003880        0x0 /usr/lib/gcc/x86_64-pc-linux-gnu/8.1.1/../../../../lib/Scrt1.o
 .rela.text.bzip2_main
                0x0000000000003880        0x0 /usr/lib/gcc/x86_64-pc-linux-gnu/8.1.1/../../../../lib/Scrt1.o
 .rela.text.cpio_o
                0x0000000000003880        0x0 /usr/lib/gcc/x86_64-pc-linux-gnu/8.1.1/../../../../lib/Scrt1.o
 .rela.text.cpio_main
                0x0000000000003880        0x0 /usr/lib/gcc/x86_64-pc-linux-gnu/8.1.1/../../../../lib/Scrt1.o
 .rela.text.init_block
                0x0000000000003880        0x0 /usr/lib/gcc/x86_64-pc-linux-gnu/8.1.1/../../../../lib/Scrt1.o
 .rela.text.pqdownheap
                0x0000000000003880        0x0 /usr/lib/gcc/x86_64-pc-linux-gnu/8.1.1/../../../../lib/Scrt1.o
 .rela.text.gen_codes
                0x0000000000003880        0x0 /usr/lib/gcc/x86_64-pc-linux-gnu/8.1.1/../../../../lib/Scrt1.o
 .rela.text.build_tree
                0x0000000000003880        0x0 /usr/lib/gcc/x86_64-pc-linux-gnu/8.1.1/../../../../lib/Scrt1.o
 .rela.text.scan_tree
                0x0000000000003880        0x0 /usr/lib/gcc/x86_64-pc-linux-gnu/8.1.1/../../../../lib/Scrt1.o
 .rela.text.ct_tally
                0x0000000000003880        0x0 /usr/lib/gcc/x86_64-pc-linux-gnu/8.1.1/../../../../lib/Scrt1.o
 .rela.text.file_read
                0x0000000000003880        0x0 /usr/lib/gcc/x86_64-pc-linux-gnu/8.1.1/../../../../lib/Scrt1.o
 .rela.text.fill_window_if_needed
                0x0000000000003880        0x0 /usr/lib/gcc/x86_64-pc-linux-gnu/8.1.1/../../../../lib/Scrt1.o
 .rela.text.flush_outbuf
                0x0000000000003880        0x0 /usr/lib/gcc/x86_64-pc-linux-gnu/8.1.1/../../../../lib/Scrt1.o
 .rela.text.put_16bit
                0x0000000000003880        0x0 /usr/lib/gcc/x86_64-pc-linux-gnu/8.1.1/../../../../lib/Scrt1.o
 .rela.text.send_bits
                0x0000000000003880        0x0 /usr/lib/gcc/x86_64-pc-linux-gnu/8.1.1/../../../../lib/Scrt1.o
 .rela.text.send_tree
                0x0000000000003880        0x0 /usr/lib/gcc/x86_64-pc-linux-gnu/8.1.1/../../../../lib/Scrt1.o
 .rela.text.compress_block
                0x0000000000003880        0x0 /usr/lib/gcc/x86_64-pc-linux-gnu/8.1.1/../../../../lib/Scrt1.o
 .rela.text.bi_windup
                0x0000000000003880        0x0 /usr/lib/gcc/x86_64-pc-linux-gnu/8.1.1/../../../../lib/Scrt1.o
 .rela.text.flush_block
                0x0000000000003880        0x0 /usr/lib/gcc/x86_64-pc-linux-gnu/8.1.1/../../../../lib/Scrt1.o
 .rela.text.deflate
                0x0000000000003880        0x0 /usr/lib/gcc/x86_64-pc-linux-gnu/8.1.1/../../../../lib/Scrt1.o
 .rela.text.pack_gzip
                0x0000000000003880        0x0 /usr/lib/gcc/x86_64-pc-linux-gnu/8.1.1/../../../../lib/Scrt1.o
 .rela.text.gzip_main
                0x0000000000003880        0x0 /usr/lib/gcc/x86_64-pc-linux-gnu/8.1.1/../../../../lib/Scrt1.o
 .rela.text.writeTarHeader
                0x0000000000003880        0x0 /usr/lib/gcc/x86_64-pc-linux-gnu/8.1.1/../../../../lib/Scrt1.o
 .rela.text.writeFileToTarball
                0x0000000000003880        0x0 /usr/lib/gcc/x86_64-pc-linux-gnu/8.1.1/../../../../lib/Scrt1.o
 .rela.text.vfork_compressor
                0x0000000000003880        0x0 /usr/lib/gcc/x86_64-pc-linux-gnu/8.1.1/../../../../lib/Scrt1.o
 .rela.text.writeTarFile
                0x0000000000003880        0x0 /usr/lib/gcc/x86_64-pc-linux-gnu/8.1.1/../../../../lib/Scrt1.o
 .rela.text.tar_main
                0x0000000000003880        0x0 /usr/lib/gcc/x86_64-pc-linux-gnu/8.1.1/../../../../lib/Scrt1.o
 .rela.text.get_lstat_mode
                0x0000000000003880        0x0 /usr/lib/gcc/x86_64-pc-linux-gnu/8.1.1/../../../../lib/Scrt1.o
 .rela.text.my_fgets80
                0x0000000000003880        0x0 /usr/lib/gcc/x86_64-pc-linux-gnu/8.1.1/../../../../lib/Scrt1.o
 .rela.text.unzip_main
                0x0000000000003880        0x0 /usr/lib/gcc/x86_64-pc-linux-gnu/8.1.1/../../../../lib/Scrt1.o
 .rela.text.data_extract_all
                0x0000000000003880        0x0 /usr/lib/gcc/x86_64-pc-linux-gnu/8.1.1/../../../../lib/Scrt1.o
 .rela.text.xz_crc32
                0x0000000000003880        0x0 /usr/lib/gcc/x86_64-pc-linux-gnu/8.1.1/../../../../lib/Scrt1.o
 .rela.text.unpack_xz_stream
                0x0000000000003880        0x0 /usr/lib/gcc/x86_64-pc-linux-gnu/8.1.1/../../../../lib/Scrt1.o
 .rela.text.get_header_tar
                0x0000000000003880        0x0 /usr/lib/gcc/x86_64-pc-linux-gnu/8.1.1/../../../../lib/Scrt1.o
 .rela.text.check_errors_in_children
                0x0000000000003880        0x0 /usr/lib/gcc/x86_64-pc-linux-gnu/8.1.1/../../../../lib/Scrt1.o
 .rela.text.seek_by_jump
                0x0000000000003880        0x0 /usr/lib/gcc/x86_64-pc-linux-gnu/8.1.1/../../../../lib/Scrt1.o
 .rela.text.dumpkmap_main
                0x0000000000003880        0x0 /usr/lib/gcc/x86_64-pc-linux-gnu/8.1.1/../../../../lib/Scrt1.o
 .rela.text.setfont_main
                0x0000000000003880        0x0 /usr/lib/gcc/x86_64-pc-linux-gnu/8.1.1/../../../../lib/Scrt1.o
 .rela.text.openvt_main
                0x0000000000003880        0x0 /usr/lib/gcc/x86_64-pc-linux-gnu/8.1.1/../../../../lib/Scrt1.o
 .rela.text.onintr
                0x0000000000003880        0x0 /usr/lib/gcc/x86_64-pc-linux-gnu/8.1.1/../../../../lib/Scrt1.o
 .rela.text.resize_main
                0x0000000000003880        0x0 /usr/lib/gcc/x86_64-pc-linux-gnu/8.1.1/../../../../lib/Scrt1.o
 .rela.text.showkey_main
                0x0000000000003880        0x0 /usr/lib/gcc/x86_64-pc-linux-gnu/8.1.1/../../../../lib/Scrt1.o
 .rela.text.cat_main
                0x0000000000003880        0x0 /usr/lib/gcc/x86_64-pc-linux-gnu/8.1.1/../../../../lib/Scrt1.o
 .rela.text.chmod_main
                0x0000000000003880        0x0 /usr/lib/gcc/x86_64-pc-linux-gnu/8.1.1/../../../../lib/Scrt1.o
 .rela.text.chown_main
                0x0000000000003880        0x0 /usr/lib/gcc/x86_64-pc-linux-gnu/8.1.1/../../../../lib/Scrt1.o
 .rela.text.cksum_main
                0x0000000000003880        0x0 /usr/lib/gcc/x86_64-pc-linux-gnu/8.1.1/../../../../lib/Scrt1.o
 .rela.text.writeline
                0x0000000000003880        0x0 /usr/lib/gcc/x86_64-pc-linux-gnu/8.1.1/../../../../lib/Scrt1.o
 .rela.text.comm_main